******************************************************************************
                  TI ARM Linker PC v18.1.2                     
******************************************************************************
>> Linked Tue Sep  4 13:31:49 2018

OUTPUT FILE NAME:   <Time0.out>
ENTRY POINT SYMBOL: "_c_int00"  address: 00005ab8


MEMORY CONFIGURATION

         name            origin    length      used     unused   attr    fill
----------------------  --------  ---------  --------  --------  ----  --------
  VECTORS               00000000   00000020  00000020  00000000     X
  FLASH0                00000020   0017ffe0  00006594  00179a4c  R  X
  FLASH1                00180000   00180000  00000000  00180000  R  X
  STACKS                08000000   00001500  00000000  00001500  RW  
  RAM                   08001500   0003eb00  00000000  0003eb00  RW  


SEGMENT ALLOCATION MAP

run origin  load origin   length   init length attrs members
----------  ----------- ---------- ----------- ----- -------
00000000    00000000    000065b4   000065b4    r-x
  00000000    00000000    00000020   00000020    r-x .intvecs
  00000020    00000020    00006414   00006414    r-x .text
  00006434    00006434    00000180   00000180    r-- .const


SECTION ALLOCATION MAP

 output                                  attributes/
section   page    origin      length       input sections
--------  ----  ----------  ----------   ----------------
.intvecs   0    00000000    00000020     
                  00000000    00000020     sys_intvecs.obj (.intvecs)

.text      0    00000020    00006414     
                  00000020    00002cdc     sys_selftest.obj (.text)
                  00002cfc    00000b28     system.obj (.text)
                  00003824    00000898     sys_vim.obj (.text)
                  000040bc    00000640     rti.obj (.text)
                  000046fc    00000630     pinmux.obj (.text)
                  00004d2c    000005bc     esm.obj (.text)
                  000052e8    00000484     gio.obj (.text)
                  0000576c    0000034c     sys_core.obj (.text)
                  00005ab8    00000298     sys_startup.obj (.text:retain)
                  00005d50    00000290     sys_vim.obj (.text:retain)
                  00005fe0    00000114     esm.obj (.text:retain)
                  000060f4    000000e8     dabort.obj (.text)
                  000061dc    000000e0     sys_pmu.obj (.text)
                  000062bc    00000090     notification.obj (.text)
                  0000634c    00000050     sys_main.obj (.text)
                  0000639c    0000004c     rti.obj (.text:retain)
                  000063e8    00000044     rtsv7R4_T_be_v3D16_eabi.lib : autoinit.c.obj (.text:__TI_auto_init_nobinit_nopinit:__TI_auto_init_nobinit_nopinit)
                  0000642c    00000004                                 : exit.c.obj (.text:abort:abort)
                  00006430    00000004     sys_phantom.obj (.text:retain)

.const     0    00006434    00000180     
                  00006434    00000180     sys_vim.obj (.const:s_vim_init)

.cinit     0    00000020    00000000     UNINITIALIZED

MODULE SUMMARY

       Module             code    ro data   rw data
       ------             ----    -------   -------
    .\source\
       sys_selftest.obj   11484   0         0      
       sys_vim.obj        2856    384       0      
       system.obj         2856    0         0      
       esm.obj            1744    0         0      
       rti.obj            1676    0         0      
       pinmux.obj         1584    0         0      
       gio.obj            1156    0         0      
       sys_core.obj       844     0         0      
       sys_startup.obj    664     0         0      
       dabort.obj         232     0         0      
       sys_pmu.obj        224     0         0      
       notification.obj   144     0         0      
       sys_main.obj       80      0         0      
       sys_intvecs.obj    32      0         0      
       sys_phantom.obj    4       0         0      
    +--+------------------+-------+---------+---------+
       Total:             25580   384       0      
                                                   
    C:/ti/ccsv8/tools/compiler/ti-cgt-arm_18.1.2.LTS/lib/rtsv7R4_T_be_v3D16_eabi.lib
       autoinit.c.obj     68      0         0      
       exit.c.obj         4       0         0      
    +--+------------------+-------+---------+---------+
       Total:             72      0         0      
                                                   
    +--+------------------+-------+---------+---------+
       Grand Total:       25652   384       0      


GLOBAL SYMBOLS: SORTED ALPHABETICALLY BY Name 

address   name                                
-------   ----                                
0000642d  C$$EXIT                             
00004428  IsdwdKeySequenceCorrect             
UNDEFED   SHT$$INIT_ARRAY$$Base               
UNDEFED   SHT$$INIT_ARRAY$$Limit              
UNDEFED   __TI_CINIT_Base                     
UNDEFED   __TI_CINIT_Limit                    
UNDEFED   __TI_Handler_Table_Base             
UNDEFED   __TI_Handler_Table_Limit            
00005ab0  __TI_PINIT_Base                     
00005ab4  __TI_PINIT_Limit                    
000063e9  __TI_auto_init_nobinit_nopinit      
ffffffff  __TI_pprof_out_hndl                 
ffffffff  __TI_prof_data_size                 
ffffffff  __TI_prof_data_start                
00000000  __TI_static_base__                  
ffffffff  __binit__                           
ffffffff  __c_args__                          
00005ab8  _c_int00                            
000059c8  _coreClearAuxiliaryDataFault_       
000059dc  _coreClearAuxiliaryInstructionFault_
000059a0  _coreClearDataFaultAddress_         
00005978  _coreClearDataFault_                
000059b4  _coreClearInstructionFaultAddress_  
0000598c  _coreClearInstructionFault_         
0000590c  _coreDisableEventBusExport_         
00005950  _coreDisableFlashEcc_               
0000592c  _coreDisableRamEcc_                 
000058fc  _coreEnableEventBusExport_          
0000593c  _coreEnableFlashEcc_                
00005960  _coreEnableIrqVicOffset_            
0000591c  _coreEnableRamEcc_                  
000058e4  _coreEnableVfp_                     
000059c0  _coreGetAuxiliaryDataFault_         
000059d4  _coreGetAuxiliaryInstructionFault_  
00005998  _coreGetDataFaultAddress_           
00005970  _coreGetDataFault_                  
000059ac  _coreGetInstructionFaultAddress_    
00005984  _coreGetInstructionFault_           
0000576c  _coreInitRegisters_                 
00005878  _coreInitStackPointer_              
000060f4  _dabort                             
000059f0  _disable_FIQ_interrupt_             
000059f8  _disable_IRQ_interrupt_             
000059e8  _disable_interrupt_                 
00005a00  _enable_interrupt_                  
00005a90  _errata_CORTEXR4_57_                
00005aa0  _errata_CORTEXR4_66_                
00005a08  _esmCcmErrorsClear_                 
000058c4  _getCPSRValue_                      
000058cc  _gotoCPUIdle_                       
00006238  _pmuDisableCountersGlobal_          
00006228  _pmuEnableCountersGlobal_           
00006294  _pmuGetCycleCount_                  
0000629c  _pmuGetEventCount_                  
000062a8  _pmuGetOverflow_                    
000061dc  _pmuInit_                           
00006268  _pmuResetCounters_                  
00006248  _pmuResetCycleCounter_              
00006258  _pmuResetEventCounters_             
00006288  _pmuSetCountEvent_                  
00006278  _pmuStartCounters_                  
00006280  _pmuStopCounters_                   
UNDEFED   _system_post_cinit                  
0000642d  abort                               
0000126c  adc1ParityCheck                     
00001358  adc2ParityCheck                     
ffffffff  binit                               
00001410  can1ParityCheck                     
000014e8  can2ParityCheck                     
000015b0  can3ParityCheck                     
00000030  ccmSelfCheck                        
000026fc  ccmr4GetConfigValue                 
00000938  checkB0RAMECC                       
00000b28  checkB1RAMECC                       
00001c18  checkClockMonitor                   
00000d18  checkFlashECC                       
00001cf4  checkFlashEEPROMECC                 
00001e8c  checkPLL1Slip                       
00001f8c  checkPLL2Slip                       
00002050  checkRAMAddrParity                  
000019d0  checkRAMECC                         
0000215c  checkRAMUERRTest                    
000007bc  checkefcSelfTest                    
00000234  cpuSelfTest                         
00000dfc  cpuSelfTestFail                     
00000df4  custom_dabort                       
00002b58  disableParity                       
00006338  dmaGroupANotification               
00000eac  dmaParityCheck                      
00004490  dwdClearFlag                        
000043c4  dwdCounterEnable                    
0000440c  dwdGenerateSysReset                 
0000445c  dwdGetStatus                        
000044a0  dwdGetViolationStatus               
00004348  dwdInit                             
000043f0  dwdReset                            
000043d4  dwdSetPreload                       
000043b8  dwwdGetCurrentDownCounter           
00004370  dwwdInit                            
00000660  efcCheck                            
00002660  efcGetConfigValue                   
00000794  efcSelfTest                         
000006e8  efcStuckZeroTest                    
00002ad0  enableParity                        
0000276c  errata_PBIST_4                      
00004eb0  esmActivateNormalOperation          
00004f84  esmClearStatus                      
00004fc4  esmClearStatusBuffer                
00004e78  esmDisableError                     
00004ee8  esmDisableInterrupt                 
00004e50  esmEnableError                      
00004ec0  esmEnableInterrupt                  
000050bc  esmEnterSelfTest                    
00004e34  esmError                            
00005194  esmGetConfigValue                   
00005000  esmGetStatus                        
00005084  esmGetStatusBuffer                  
000062bc  esmGroup1Notification               
000062cc  esmGroup2Notification               
00005fe0  esmHighInterrupt                    
00004d2c  esmInit                             
00005144  esmSelfTestStatus                   
00004fe0  esmSetCounterPreloadValue           
00004f10  esmSetInterruptLevel                
00004ea0  esmTriggerErrorPinReset             
000022c4  fmcBus1ParityCheck                  
0000085c  fmcBus2Check                        
00000898  fmcECCcheck                         
00005548  gioDisableNotification              
000054e0  gioEnableNotification               
00005448  gioGetBit                           
000055b0  gioGetConfigValue                   
00005470  gioGetPort                          
000052e8  gioInit                             
00006324  gioNotification                     
000053d8  gioSetBit                           
000053b8  gioSetDirection                     
00005428  gioSetPort                          
00005488  gioToggleBit                        
00000f58  het1ParityCheck                     
000010c0  het2ParityCheck                     
00001004  htu1ParityCheck                     
000011bc  htu2ParityCheck                     
0000634c  main                                
00002e38  mapClocks                           
00000174  memoryInit                          
000062dc  memoryPort0TestFailNotification     
000062f8  memoryPort1TestFailNotification     
00001684  mibspi1ParityCheck                  
0000178c  mibspi3ParityCheck                  
000018b0  mibspi5ParityCheck                  
000046fc  muxInit                             
000023ec  pbistFail                           
00002470  pbistGetConfigValue                 
000005a8  pbistIsTestCompleted                
000005d4  pbistIsTestPassed                   
00000608  pbistPortTestStatus                 
000004ac  pbistRun                            
000002cc  pbistSelfCheck                      
00000578  pbistStop                           
00002de4  periphInit                          
00006430  phantomInterrupt                    
00004a80  pinmuxGetConfigValue                
00000000  resetEntry                          
0000639c  rtiCompare0Interrupt                
00004550  rtiDisableNotification              
00004528  rtiEnableNotification               
0000456c  rtiGetConfigValue                   
000042bc  rtiGetCurrentTick                   
00004294  rtiGetPeriod                        
000040bc  rtiInit                             
00006378  rtiNotification                     
00004208  rtiResetCounter                     
0000426c  rtiSetPeriod                        
000041b0  rtiStartCounter                     
000041dc  rtiStopCounter                      
00000020  selftestFailNotification            
00002da4  setupFlash                          
00002cfc  setupPLL                            
0000361c  sramGetConfigValue                  
000025bc  stcGetConfigValue                   
000001b8  stcSelfCheck                        
00000df8  stcSelfCheckFail                    
0000305c  systemGetConfigValue                
00002f60  systemInit                          
0000302c  systemPowerDown                     
00003470  tcmflashGetConfigValue              
00002d5c  trimLPO                             
000038f8  vimChannelMap                       
00003af4  vimDisableInterrupt                 
0000399c  vimEnableInterrupt                  
00003b78  vimGetConfigValue                   
00003824  vimInit                             
00000e00  vimParityCheck                      
00005d50  vimParityErrorHandler               


GLOBAL SYMBOLS: SORTED BY Symbol Address 

address   name                                
-------   ----                                
00000000  __TI_static_base__                  
00000000  resetEntry                          
00000020  selftestFailNotification            
00000030  ccmSelfCheck                        
00000174  memoryInit                          
000001b8  stcSelfCheck                        
00000234  cpuSelfTest                         
000002cc  pbistSelfCheck                      
000004ac  pbistRun                            
00000578  pbistStop                           
000005a8  pbistIsTestCompleted                
000005d4  pbistIsTestPassed                   
00000608  pbistPortTestStatus                 
00000660  efcCheck                            
000006e8  efcStuckZeroTest                    
00000794  efcSelfTest                         
000007bc  checkefcSelfTest                    
0000085c  fmcBus2Check                        
00000898  fmcECCcheck                         
00000938  checkB0RAMECC                       
00000b28  checkB1RAMECC                       
00000d18  checkFlashECC                       
00000df4  custom_dabort                       
00000df8  stcSelfCheckFail                    
00000dfc  cpuSelfTestFail                     
00000e00  vimParityCheck                      
00000eac  dmaParityCheck                      
00000f58  het1ParityCheck                     
00001004  htu1ParityCheck                     
000010c0  het2ParityCheck                     
000011bc  htu2ParityCheck                     
0000126c  adc1ParityCheck                     
00001358  adc2ParityCheck                     
00001410  can1ParityCheck                     
000014e8  can2ParityCheck                     
000015b0  can3ParityCheck                     
00001684  mibspi1ParityCheck                  
0000178c  mibspi3ParityCheck                  
000018b0  mibspi5ParityCheck                  
000019d0  checkRAMECC                         
00001c18  checkClockMonitor                   
00001cf4  checkFlashEEPROMECC                 
00001e8c  checkPLL1Slip                       
00001f8c  checkPLL2Slip                       
00002050  checkRAMAddrParity                  
0000215c  checkRAMUERRTest                    
000022c4  fmcBus1ParityCheck                  
000023ec  pbistFail                           
00002470  pbistGetConfigValue                 
000025bc  stcGetConfigValue                   
00002660  efcGetConfigValue                   
000026fc  ccmr4GetConfigValue                 
0000276c  errata_PBIST_4                      
00002ad0  enableParity                        
00002b58  disableParity                       
00002cfc  setupPLL                            
00002d5c  trimLPO                             
00002da4  setupFlash                          
00002de4  periphInit                          
00002e38  mapClocks                           
00002f60  systemInit                          
0000302c  systemPowerDown                     
0000305c  systemGetConfigValue                
00003470  tcmflashGetConfigValue              
0000361c  sramGetConfigValue                  
00003824  vimInit                             
000038f8  vimChannelMap                       
0000399c  vimEnableInterrupt                  
00003af4  vimDisableInterrupt                 
00003b78  vimGetConfigValue                   
000040bc  rtiInit                             
000041b0  rtiStartCounter                     
000041dc  rtiStopCounter                      
00004208  rtiResetCounter                     
0000426c  rtiSetPeriod                        
00004294  rtiGetPeriod                        
000042bc  rtiGetCurrentTick                   
00004348  dwdInit                             
00004370  dwwdInit                            
000043b8  dwwdGetCurrentDownCounter           
000043c4  dwdCounterEnable                    
000043d4  dwdSetPreload                       
000043f0  dwdReset                            
0000440c  dwdGenerateSysReset                 
00004428  IsdwdKeySequenceCorrect             
0000445c  dwdGetStatus                        
00004490  dwdClearFlag                        
000044a0  dwdGetViolationStatus               
00004528  rtiEnableNotification               
00004550  rtiDisableNotification              
0000456c  rtiGetConfigValue                   
000046fc  muxInit                             
00004a80  pinmuxGetConfigValue                
00004d2c  esmInit                             
00004e34  esmError                            
00004e50  esmEnableError                      
00004e78  esmDisableError                     
00004ea0  esmTriggerErrorPinReset             
00004eb0  esmActivateNormalOperation          
00004ec0  esmEnableInterrupt                  
00004ee8  esmDisableInterrupt                 
00004f10  esmSetInterruptLevel                
00004f84  esmClearStatus                      
00004fc4  esmClearStatusBuffer                
00004fe0  esmSetCounterPreloadValue           
00005000  esmGetStatus                        
00005084  esmGetStatusBuffer                  
000050bc  esmEnterSelfTest                    
00005144  esmSelfTestStatus                   
00005194  esmGetConfigValue                   
000052e8  gioInit                             
000053b8  gioSetDirection                     
000053d8  gioSetBit                           
00005428  gioSetPort                          
00005448  gioGetBit                           
00005470  gioGetPort                          
00005488  gioToggleBit                        
000054e0  gioEnableNotification               
00005548  gioDisableNotification              
000055b0  gioGetConfigValue                   
0000576c  _coreInitRegisters_                 
00005878  _coreInitStackPointer_              
000058c4  _getCPSRValue_                      
000058cc  _gotoCPUIdle_                       
000058e4  _coreEnableVfp_                     
000058fc  _coreEnableEventBusExport_          
0000590c  _coreDisableEventBusExport_         
0000591c  _coreEnableRamEcc_                  
0000592c  _coreDisableRamEcc_                 
0000593c  _coreEnableFlashEcc_                
00005950  _coreDisableFlashEcc_               
00005960  _coreEnableIrqVicOffset_            
00005970  _coreGetDataFault_                  
00005978  _coreClearDataFault_                
00005984  _coreGetInstructionFault_           
0000598c  _coreClearInstructionFault_         
00005998  _coreGetDataFaultAddress_           
000059a0  _coreClearDataFaultAddress_         
000059ac  _coreGetInstructionFaultAddress_    
000059b4  _coreClearInstructionFaultAddress_  
000059c0  _coreGetAuxiliaryDataFault_         
000059c8  _coreClearAuxiliaryDataFault_       
000059d4  _coreGetAuxiliaryInstructionFault_  
000059dc  _coreClearAuxiliaryInstructionFault_
000059e8  _disable_interrupt_                 
000059f0  _disable_FIQ_interrupt_             
000059f8  _disable_IRQ_interrupt_             
00005a00  _enable_interrupt_                  
00005a08  _esmCcmErrorsClear_                 
00005a90  _errata_CORTEXR4_57_                
00005aa0  _errata_CORTEXR4_66_                
00005ab0  __TI_PINIT_Base                     
00005ab4  __TI_PINIT_Limit                    
00005ab8  _c_int00                            
00005d50  vimParityErrorHandler               
00005fe0  esmHighInterrupt                    
000060f4  _dabort                             
000061dc  _pmuInit_                           
00006228  _pmuEnableCountersGlobal_           
00006238  _pmuDisableCountersGlobal_          
00006248  _pmuResetCycleCounter_              
00006258  _pmuResetEventCounters_             
00006268  _pmuResetCounters_                  
00006278  _pmuStartCounters_                  
00006280  _pmuStopCounters_                   
00006288  _pmuSetCountEvent_                  
00006294  _pmuGetCycleCount_                  
0000629c  _pmuGetEventCount_                  
000062a8  _pmuGetOverflow_                    
000062bc  esmGroup1Notification               
000062cc  esmGroup2Notification               
000062dc  memoryPort0TestFailNotification     
000062f8  memoryPort1TestFailNotification     
00006324  gioNotification                     
00006338  dmaGroupANotification               
0000634c  main                                
00006378  rtiNotification                     
0000639c  rtiCompare0Interrupt                
000063e9  __TI_auto_init_nobinit_nopinit      
0000642d  C$$EXIT                             
0000642d  abort                               
00006430  phantomInterrupt                    
ffffffff  __TI_pprof_out_hndl                 
ffffffff  __TI_prof_data_size                 
ffffffff  __TI_prof_data_start                
ffffffff  __binit__                           
ffffffff  __c_args__                          
ffffffff  binit                               
UNDEFED   SHT$$INIT_ARRAY$$Base               
UNDEFED   SHT$$INIT_ARRAY$$Limit              
UNDEFED   __TI_CINIT_Base                     
UNDEFED   __TI_CINIT_Limit                    
UNDEFED   __TI_Handler_Table_Base             
UNDEFED   __TI_Handler_Table_Limit            
UNDEFED   _system_post_cinit                  

[195 symbols]
