******************************************************************************
                  TI ARM Linker PC v18.1.2                     
******************************************************************************
>> Linked Wed Sep  5 11:47:42 2018

OUTPUT FILE NAME:   <Time0.out>
ENTRY POINT SYMBOL: "_c_int00"  address: 00005abc


MEMORY CONFIGURATION

         name            origin    length      used     unused   attr    fill
----------------------  --------  ---------  --------  --------  ----  --------
  VECTORS               00000000   00000020  00000020  00000000     X
  FLASH0                00000020   0017ffe0  00006598  00179a48  R  X
  FLASH1                00180000   00180000  00000000  00180000  R  X
  STACKS                08000000   00001500  00000000  00001500  RW  
  RAM                   08001500   0003eb00  00000000  0003eb00  RW  


SEGMENT ALLOCATION MAP

run origin  load origin   length   init length attrs members
----------  ----------- ---------- ----------- ----- -------
00000000    00000000    000065b8   000065b8    r-x
  00000000    00000000    00000020   00000020    r-x .intvecs
  00000020    00000020    00006418   00006418    r-x .text
  00006438    00006438    00000180   00000180    r-- .const


SECTION ALLOCATION MAP

 output                                  attributes/
section   page    origin      length       input sections
--------  ----  ----------  ----------   ----------------
.intvecs   0    00000000    00000020     
                  00000000    00000020     sys_intvecs.obj (.intvecs)

.text      0    00000020    00006418     
                  00000020    00002cdc     sys_selftest.obj (.text)
                  00002cfc    00000b28     system.obj (.text)
                  00003824    00000898     sys_vim.obj (.text)
                  000040bc    00000644     rti.obj (.text)
                  00004700    00000630     pinmux.obj (.text)
                  00004d30    000005bc     esm.obj (.text)
                  000052ec    00000484     gio.obj (.text)
                  00005770    0000034c     sys_core.obj (.text)
                  00005abc    00000298     sys_startup.obj (.text:retain)
                  00005d54    00000290     sys_vim.obj (.text:retain)
                  00005fe4    00000114     esm.obj (.text:retain)
                  000060f8    000000e8     dabort.obj (.text)
                  000061e0    000000e0     sys_pmu.obj (.text)
                  000062c0    00000090     notification.obj (.text)
                  00006350    00000050     sys_main.obj (.text)
                  000063a0    0000004c     rti.obj (.text:retain)
                  000063ec    00000044     rtsv7R4_T_be_v3D16_eabi.lib : autoinit.c.obj (.text:__TI_auto_init_nobinit_nopinit:__TI_auto_init_nobinit_nopinit)
                  00006430    00000004                                 : exit.c.obj (.text:abort:abort)
                  00006434    00000004     sys_phantom.obj (.text:retain)

.const     0    00006438    00000180     
                  00006438    00000180     sys_vim.obj (.const:s_vim_init)

.cinit     0    00000020    00000000     UNINITIALIZED

MODULE SUMMARY

       Module             code    ro data   rw data
       ------             ----    -------   -------
    .\source\
       sys_selftest.obj   11484   0         0      
       sys_vim.obj        2856    384       0      
       system.obj         2856    0         0      
       esm.obj            1744    0         0      
       rti.obj            1680    0         0      
       pinmux.obj         1584    0         0      
       gio.obj            1156    0         0      
       sys_core.obj       844     0         0      
       sys_startup.obj    664     0         0      
       dabort.obj         232     0         0      
       sys_pmu.obj        224     0         0      
       notification.obj   144     0         0      
       sys_main.obj       80      0         0      
       sys_intvecs.obj    32      0         0      
       sys_phantom.obj    4       0         0      
    +--+------------------+-------+---------+---------+
       Total:             25584   384       0      
                                                   
    C:/ti/ccsv8/tools/compiler/ti-cgt-arm_18.1.2.LTS/lib/rtsv7R4_T_be_v3D16_eabi.lib
       autoinit.c.obj     68      0         0      
       exit.c.obj         4       0         0      
    +--+------------------+-------+---------+---------+
       Total:             72      0         0      
                                                   
    +--+------------------+-------+---------+---------+
       Grand Total:       25656   384       0      


GLOBAL SYMBOLS: SORTED ALPHABETICALLY BY Name 

address   name                                
-------   ----                                
00006431  C$$EXIT                             
00004428  IsdwdKeySequenceCorrect             
UNDEFED   SHT$$INIT_ARRAY$$Base               
UNDEFED   SHT$$INIT_ARRAY$$Limit              
UNDEFED   __TI_CINIT_Base                     
UNDEFED   __TI_CINIT_Limit                    
UNDEFED   __TI_Handler_Table_Base             
UNDEFED   __TI_Handler_Table_Limit            
00005ab4  __TI_PINIT_Base                     
00005ab8  __TI_PINIT_Limit                    
000063ed  __TI_auto_init_nobinit_nopinit      
ffffffff  __TI_pprof_out_hndl                 
ffffffff  __TI_prof_data_size                 
ffffffff  __TI_prof_data_start                
00000000  __TI_static_base__                  
ffffffff  __binit__                           
ffffffff  __c_args__                          
00005abc  _c_int00                            
000059cc  _coreClearAuxiliaryDataFault_       
000059e0  _coreClearAuxiliaryInstructionFault_
000059a4  _coreClearDataFaultAddress_         
0000597c  _coreClearDataFault_                
000059b8  _coreClearInstructionFaultAddress_  
00005990  _coreClearInstructionFault_         
00005910  _coreDisableEventBusExport_         
00005954  _coreDisableFlashEcc_               
00005930  _coreDisableRamEcc_                 
00005900  _coreEnableEventBusExport_          
00005940  _coreEnableFlashEcc_                
00005964  _coreEnableIrqVicOffset_            
00005920  _coreEnableRamEcc_                  
000058e8  _coreEnableVfp_                     
000059c4  _coreGetAuxiliaryDataFault_         
000059d8  _coreGetAuxiliaryInstructionFault_  
0000599c  _coreGetDataFaultAddress_           
00005974  _coreGetDataFault_                  
000059b0  _coreGetInstructionFaultAddress_    
00005988  _coreGetInstructionFault_           
00005770  _coreInitRegisters_                 
0000587c  _coreInitStackPointer_              
000060f8  _dabort                             
000059f4  _disable_FIQ_interrupt_             
000059fc  _disable_IRQ_interrupt_             
000059ec  _disable_interrupt_                 
00005a04  _enable_interrupt_                  
00005a94  _errata_CORTEXR4_57_                
00005aa4  _errata_CORTEXR4_66_                
00005a0c  _esmCcmErrorsClear_                 
000058c8  _getCPSRValue_                      
000058d0  _gotoCPUIdle_                       
0000623c  _pmuDisableCountersGlobal_          
0000622c  _pmuEnableCountersGlobal_           
00006298  _pmuGetCycleCount_                  
000062a0  _pmuGetEventCount_                  
000062ac  _pmuGetOverflow_                    
000061e0  _pmuInit_                           
0000626c  _pmuResetCounters_                  
0000624c  _pmuResetCycleCounter_              
0000625c  _pmuResetEventCounters_             
0000628c  _pmuSetCountEvent_                  
0000627c  _pmuStartCounters_                  
00006284  _pmuStopCounters_                   
UNDEFED   _system_post_cinit                  
00006431  abort                               
0000126c  adc1ParityCheck                     
00001358  adc2ParityCheck                     
ffffffff  binit                               
00001410  can1ParityCheck                     
000014e8  can2ParityCheck                     
000015b0  can3ParityCheck                     
00000030  ccmSelfCheck                        
000026fc  ccmr4GetConfigValue                 
00000938  checkB0RAMECC                       
00000b28  checkB1RAMECC                       
00001c18  checkClockMonitor                   
00000d18  checkFlashECC                       
00001cf4  checkFlashEEPROMECC                 
00001e8c  checkPLL1Slip                       
00001f8c  checkPLL2Slip                       
00002050  checkRAMAddrParity                  
000019d0  checkRAMECC                         
0000215c  checkRAMUERRTest                    
000007bc  checkefcSelfTest                    
00000234  cpuSelfTest                         
00000dfc  cpuSelfTestFail                     
00000df4  custom_dabort                       
00002b58  disableParity                       
0000633c  dmaGroupANotification               
00000eac  dmaParityCheck                      
00004490  dwdClearFlag                        
000043c4  dwdCounterEnable                    
0000440c  dwdGenerateSysReset                 
0000445c  dwdGetStatus                        
000044a0  dwdGetViolationStatus               
00004348  dwdInit                             
000043f0  dwdReset                            
000043d4  dwdSetPreload                       
000043b8  dwwdGetCurrentDownCounter           
00004370  dwwdInit                            
00000660  efcCheck                            
00002660  efcGetConfigValue                   
00000794  efcSelfTest                         
000006e8  efcStuckZeroTest                    
00002ad0  enableParity                        
0000276c  errata_PBIST_4                      
00004eb4  esmActivateNormalOperation          
00004f88  esmClearStatus                      
00004fc8  esmClearStatusBuffer                
00004e7c  esmDisableError                     
00004eec  esmDisableInterrupt                 
00004e54  esmEnableError                      
00004ec4  esmEnableInterrupt                  
000050c0  esmEnterSelfTest                    
00004e38  esmError                            
00005198  esmGetConfigValue                   
00005004  esmGetStatus                        
00005088  esmGetStatusBuffer                  
000062c0  esmGroup1Notification               
000062d0  esmGroup2Notification               
00005fe4  esmHighInterrupt                    
00004d30  esmInit                             
00005148  esmSelfTestStatus                   
00004fe4  esmSetCounterPreloadValue           
00004f14  esmSetInterruptLevel                
00004ea4  esmTriggerErrorPinReset             
000022c4  fmcBus1ParityCheck                  
0000085c  fmcBus2Check                        
00000898  fmcECCcheck                         
0000554c  gioDisableNotification              
000054e4  gioEnableNotification               
0000544c  gioGetBit                           
000055b4  gioGetConfigValue                   
00005474  gioGetPort                          
000052ec  gioInit                             
00006328  gioNotification                     
000053dc  gioSetBit                           
000053bc  gioSetDirection                     
0000542c  gioSetPort                          
0000548c  gioToggleBit                        
00000f58  het1ParityCheck                     
000010c0  het2ParityCheck                     
00001004  htu1ParityCheck                     
000011bc  htu2ParityCheck                     
00006350  main                                
00002e38  mapClocks                           
00000174  memoryInit                          
000062e0  memoryPort0TestFailNotification     
000062fc  memoryPort1TestFailNotification     
00001684  mibspi1ParityCheck                  
0000178c  mibspi3ParityCheck                  
000018b0  mibspi5ParityCheck                  
00004700  muxInit                             
000023ec  pbistFail                           
00002470  pbistGetConfigValue                 
000005a8  pbistIsTestCompleted                
000005d4  pbistIsTestPassed                   
00000608  pbistPortTestStatus                 
000004ac  pbistRun                            
000002cc  pbistSelfCheck                      
00000578  pbistStop                           
00002de4  periphInit                          
00006434  phantomInterrupt                    
00004a84  pinmuxGetConfigValue                
00000000  resetEntry                          
000063a0  rtiCompare0Interrupt                
00004550  rtiDisableNotification              
00004528  rtiEnableNotification               
0000456c  rtiGetConfigValue                   
000042bc  rtiGetCurrentTick                   
00004294  rtiGetPeriod                        
000040bc  rtiInit                             
0000637c  rtiNotification                     
00004208  rtiResetCounter                     
0000426c  rtiSetPeriod                        
000041b0  rtiStartCounter                     
000041dc  rtiStopCounter                      
00000020  selftestFailNotification            
00002da4  setupFlash                          
00002cfc  setupPLL                            
0000361c  sramGetConfigValue                  
000025bc  stcGetConfigValue                   
000001b8  stcSelfCheck                        
00000df8  stcSelfCheckFail                    
0000305c  systemGetConfigValue                
00002f60  systemInit                          
0000302c  systemPowerDown                     
00003470  tcmflashGetConfigValue              
00002d5c  trimLPO                             
000038f8  vimChannelMap                       
00003af4  vimDisableInterrupt                 
0000399c  vimEnableInterrupt                  
00003b78  vimGetConfigValue                   
00003824  vimInit                             
00000e00  vimParityCheck                      
00005d54  vimParityErrorHandler               


GLOBAL SYMBOLS: SORTED BY Symbol Address 

address   name                                
-------   ----                                
00000000  __TI_static_base__                  
00000000  resetEntry                          
00000020  selftestFailNotification            
00000030  ccmSelfCheck                        
00000174  memoryInit                          
000001b8  stcSelfCheck                        
00000234  cpuSelfTest                         
000002cc  pbistSelfCheck                      
000004ac  pbistRun                            
00000578  pbistStop                           
000005a8  pbistIsTestCompleted                
000005d4  pbistIsTestPassed                   
00000608  pbistPortTestStatus                 
00000660  efcCheck                            
000006e8  efcStuckZeroTest                    
00000794  efcSelfTest                         
000007bc  checkefcSelfTest                    
0000085c  fmcBus2Check                        
00000898  fmcECCcheck                         
00000938  checkB0RAMECC                       
00000b28  checkB1RAMECC                       
00000d18  checkFlashECC                       
00000df4  custom_dabort                       
00000df8  stcSelfCheckFail                    
00000dfc  cpuSelfTestFail                     
00000e00  vimParityCheck                      
00000eac  dmaParityCheck                      
00000f58  het1ParityCheck                     
00001004  htu1ParityCheck                     
000010c0  het2ParityCheck                     
000011bc  htu2ParityCheck                     
0000126c  adc1ParityCheck                     
00001358  adc2ParityCheck                     
00001410  can1ParityCheck                     
000014e8  can2ParityCheck                     
000015b0  can3ParityCheck                     
00001684  mibspi1ParityCheck                  
0000178c  mibspi3ParityCheck                  
000018b0  mibspi5ParityCheck                  
000019d0  checkRAMECC                         
00001c18  checkClockMonitor                   
00001cf4  checkFlashEEPROMECC                 
00001e8c  checkPLL1Slip                       
00001f8c  checkPLL2Slip                       
00002050  checkRAMAddrParity                  
0000215c  checkRAMUERRTest                    
000022c4  fmcBus1ParityCheck                  
000023ec  pbistFail                           
00002470  pbistGetConfigValue                 
000025bc  stcGetConfigValue                   
00002660  efcGetConfigValue                   
000026fc  ccmr4GetConfigValue                 
0000276c  errata_PBIST_4                      
00002ad0  enableParity                        
00002b58  disableParity                       
00002cfc  setupPLL                            
00002d5c  trimLPO                             
00002da4  setupFlash                          
00002de4  periphInit                          
00002e38  mapClocks                           
00002f60  systemInit                          
0000302c  systemPowerDown                     
0000305c  systemGetConfigValue                
00003470  tcmflashGetConfigValue              
0000361c  sramGetConfigValue                  
00003824  vimInit                             
000038f8  vimChannelMap                       
0000399c  vimEnableInterrupt                  
00003af4  vimDisableInterrupt                 
00003b78  vimGetConfigValue                   
000040bc  rtiInit                             
000041b0  rtiStartCounter                     
000041dc  rtiStopCounter                      
00004208  rtiResetCounter                     
0000426c  rtiSetPeriod                        
00004294  rtiGetPeriod                        
000042bc  rtiGetCurrentTick                   
00004348  dwdInit                             
00004370  dwwdInit                            
000043b8  dwwdGetCurrentDownCounter           
000043c4  dwdCounterEnable                    
000043d4  dwdSetPreload                       
000043f0  dwdReset                            
0000440c  dwdGenerateSysReset                 
00004428  IsdwdKeySequenceCorrect             
0000445c  dwdGetStatus                        
00004490  dwdClearFlag                        
000044a0  dwdGetViolationStatus               
00004528  rtiEnableNotification               
00004550  rtiDisableNotification              
0000456c  rtiGetConfigValue                   
00004700  muxInit                             
00004a84  pinmuxGetConfigValue                
00004d30  esmInit                             
00004e38  esmError                            
00004e54  esmEnableError                      
00004e7c  esmDisableError                     
00004ea4  esmTriggerErrorPinReset             
00004eb4  esmActivateNormalOperation          
00004ec4  esmEnableInterrupt                  
00004eec  esmDisableInterrupt                 
00004f14  esmSetInterruptLevel                
00004f88  esmClearStatus                      
00004fc8  esmClearStatusBuffer                
00004fe4  esmSetCounterPreloadValue           
00005004  esmGetStatus                        
00005088  esmGetStatusBuffer                  
000050c0  esmEnterSelfTest                    
00005148  esmSelfTestStatus                   
00005198  esmGetConfigValue                   
000052ec  gioInit                             
000053bc  gioSetDirection                     
000053dc  gioSetBit                           
0000542c  gioSetPort                          
0000544c  gioGetBit                           
00005474  gioGetPort                          
0000548c  gioToggleBit                        
000054e4  gioEnableNotification               
0000554c  gioDisableNotification              
000055b4  gioGetConfigValue                   
00005770  _coreInitRegisters_                 
0000587c  _coreInitStackPointer_              
000058c8  _getCPSRValue_                      
000058d0  _gotoCPUIdle_                       
000058e8  _coreEnableVfp_                     
00005900  _coreEnableEventBusExport_          
00005910  _coreDisableEventBusExport_         
00005920  _coreEnableRamEcc_                  
00005930  _coreDisableRamEcc_                 
00005940  _coreEnableFlashEcc_                
00005954  _coreDisableFlashEcc_               
00005964  _coreEnableIrqVicOffset_            
00005974  _coreGetDataFault_                  
0000597c  _coreClearDataFault_                
00005988  _coreGetInstructionFault_           
00005990  _coreClearInstructionFault_         
0000599c  _coreGetDataFaultAddress_           
000059a4  _coreClearDataFaultAddress_         
000059b0  _coreGetInstructionFaultAddress_    
000059b8  _coreClearInstructionFaultAddress_  
000059c4  _coreGetAuxiliaryDataFault_         
000059cc  _coreClearAuxiliaryDataFault_       
000059d8  _coreGetAuxiliaryInstructionFault_  
000059e0  _coreClearAuxiliaryInstructionFault_
000059ec  _disable_interrupt_                 
000059f4  _disable_FIQ_interrupt_             
000059fc  _disable_IRQ_interrupt_             
00005a04  _enable_interrupt_                  
00005a0c  _esmCcmErrorsClear_                 
00005a94  _errata_CORTEXR4_57_                
00005aa4  _errata_CORTEXR4_66_                
00005ab4  __TI_PINIT_Base                     
00005ab8  __TI_PINIT_Limit                    
00005abc  _c_int00                            
00005d54  vimParityErrorHandler               
00005fe4  esmHighInterrupt                    
000060f8  _dabort                             
000061e0  _pmuInit_                           
0000622c  _pmuEnableCountersGlobal_           
0000623c  _pmuDisableCountersGlobal_          
0000624c  _pmuResetCycleCounter_              
0000625c  _pmuResetEventCounters_             
0000626c  _pmuResetCounters_                  
0000627c  _pmuStartCounters_                  
00006284  _pmuStopCounters_                   
0000628c  _pmuSetCountEvent_                  
00006298  _pmuGetCycleCount_                  
000062a0  _pmuGetEventCount_                  
000062ac  _pmuGetOverflow_                    
000062c0  esmGroup1Notification               
000062d0  esmGroup2Notification               
000062e0  memoryPort0TestFailNotification     
000062fc  memoryPort1TestFailNotification     
00006328  gioNotification                     
0000633c  dmaGroupANotification               
00006350  main                                
0000637c  rtiNotification                     
000063a0  rtiCompare0Interrupt                
000063ed  __TI_auto_init_nobinit_nopinit      
00006431  C$$EXIT                             
00006431  abort                               
00006434  phantomInterrupt                    
ffffffff  __TI_pprof_out_hndl                 
ffffffff  __TI_prof_data_size                 
ffffffff  __TI_prof_data_start                
ffffffff  __binit__                           
ffffffff  __c_args__                          
ffffffff  binit                               
UNDEFED   SHT$$INIT_ARRAY$$Base               
UNDEFED   SHT$$INIT_ARRAY$$Limit              
UNDEFED   __TI_CINIT_Base                     
UNDEFED   __TI_CINIT_Limit                    
UNDEFED   __TI_Handler_Table_Base             
UNDEFED   __TI_Handler_Table_Limit            
UNDEFED   _system_post_cinit                  

[195 symbols]
