******************************************************************************
                  TI ARM Linker PC v18.1.2                     
******************************************************************************
>> Linked Wed Sep  5 12:29:23 2018

OUTPUT FILE NAME:   <Pwm.out>
ENTRY POINT SYMBOL: "_c_int00"  address: 000058e4


MEMORY CONFIGURATION

         name            origin    length      used     unused   attr    fill
----------------------  --------  ---------  --------  --------  ----  --------
  VECTORS               00000000   00000020  00000020  00000000     X
  FLASH0                00000020   0017ffe0  000067fa  001797e6  R  X
  FLASH1                00180000   00180000  00000000  00180000  R  X
  STACKS                08000000   00001500  00000000  00001500  RW  
  RAM                   08001500   0003eb00  00000000  0003eb00  RW  


SEGMENT ALLOCATION MAP

run origin  load origin   length   init length attrs members
----------  ----------- ---------- ----------- ----- -------
00000000    00000000    0000681c   0000681c    r-x
  00000000    00000000    00000020   00000020    r-x .intvecs
  00000020    00000020    000062ba   000062ba    r-x .text
  000062dc    000062dc    00000540   00000540    r-- .const


SECTION ALLOCATION MAP

 output                                  attributes/
section   page    origin      length       input sections
--------  ----  ----------  ----------   ----------------
.intvecs   0    00000000    00000020     
                  00000000    00000020     sys_intvecs.obj (.intvecs)

.text      0    00000020    000062ba     
                  00000020    00002cdc     sys_selftest.obj (.text)
                  00002cfc    00000b28     system.obj (.text)
                  00003824    000008f0     het.obj (.text)
                  00004114    00000898     sys_vim.obj (.text)
                  000049ac    00000630     pinmux.obj (.text)
                  00004fdc    000005bc     esm.obj (.text)
                  00005598    0000034c     sys_core.obj (.text)
                  000058e4    00000298     sys_startup.obj (.text:retain)
                  00005b7c    00000290     sys_vim.obj (.text:retain)
                  00005e0c    00000114     esm.obj (.text:retain)
                  00005f20    000000e8     dabort.obj (.text)
                  00006008    000000e0     sys_pmu.obj (.text)
                  000060e8    000000ac     notification.obj (.text)
                  00006194    0000009c     rtsv7R4_T_be_v3D16_eabi.lib : memcpy_t2.asm.obj (.text)
                  00006230    00000050                                 : u_div32.asm.obj (.text)
                  00006280    00000044                                 : autoinit.c.obj (.text:__TI_auto_init_nobinit_nopinit:__TI_auto_init_nobinit_nopinit)
                  000062c4    0000000c     sys_main.obj (.text)
                  000062d0    00000004     rtsv7R4_T_be_v3D16_eabi.lib : exit.c.obj (.text:abort:abort)
                  000062d4    00000004     sys_phantom.obj (.text:retain)
                  000062d8    00000002     rtsv7R4_T_be_v3D16_eabi.lib : div0.asm.obj (.text)

.const     0    000062dc    00000540     
                  000062dc    000003a0     het.obj (.const:het1PROGRAM)
                  0000667c    00000180     sys_vim.obj (.const:s_vim_init)
                  000067fc    00000020     het.obj (.const:s_het1pwmPolarity)

.cinit     0    00000020    00000000     UNINITIALIZED

MODULE SUMMARY

       Module              code    ro data   rw data
       ------              ----    -------   -------
    .\source\
       sys_selftest.obj    11484   0         0      
       het.obj             2288    960       0      
       sys_vim.obj         2856    384       0      
       system.obj          2856    0         0      
       esm.obj             1744    0         0      
       pinmux.obj          1584    0         0      
       sys_core.obj        844     0         0      
       sys_startup.obj     664     0         0      
       dabort.obj          232     0         0      
       sys_pmu.obj         224     0         0      
       notification.obj    172     0         0      
       sys_intvecs.obj     32      0         0      
       sys_main.obj        12      0         0      
       sys_phantom.obj     4       0         0      
    +--+-------------------+-------+---------+---------+
       Total:              24996   1344      0      
                                                    
    C:/ti/ccsv8/tools/compiler/ti-cgt-arm_18.1.2.LTS/lib/rtsv7R4_T_be_v3D16_eabi.lib
       memcpy_t2.asm.obj   156     0         0      
       u_div32.asm.obj     80      0         0      
       autoinit.c.obj      68      0         0      
       exit.c.obj          4       0         0      
       div0.asm.obj        2       0         0      
    +--+-------------------+-------+---------+---------+
       Total:              310     0         0      
                                                    
    +--+-------------------+-------+---------+---------+
       Grand Total:        25306   1344      0      


GLOBAL SYMBOLS: SORTED ALPHABETICALLY BY Name 

address   name                                
-------   ----                                
000062d1  C$$EXIT                             
UNDEFED   SHT$$INIT_ARRAY$$Base               
UNDEFED   SHT$$INIT_ARRAY$$Limit              
UNDEFED   __TI_CINIT_Base                     
UNDEFED   __TI_CINIT_Limit                    
UNDEFED   __TI_Handler_Table_Base             
UNDEFED   __TI_Handler_Table_Limit            
000058dc  __TI_PINIT_Base                     
000058e0  __TI_PINIT_Limit                    
00006281  __TI_auto_init_nobinit_nopinit      
ffffffff  __TI_pprof_out_hndl                 
ffffffff  __TI_prof_data_size                 
ffffffff  __TI_prof_data_start                
00000000  __TI_static_base__                  
000062d9  __aeabi_idiv0                       
000062d9  __aeabi_ldiv0                       
00006195  __aeabi_memcpy                      
00006195  __aeabi_memcpy4                     
00006195  __aeabi_memcpy8                     
00006230  __aeabi_uidiv                       
00006230  __aeabi_uidivmod                    
ffffffff  __binit__                           
ffffffff  __c_args__                          
000058e4  _c_int00                            
000057f4  _coreClearAuxiliaryDataFault_       
00005808  _coreClearAuxiliaryInstructionFault_
000057cc  _coreClearDataFaultAddress_         
000057a4  _coreClearDataFault_                
000057e0  _coreClearInstructionFaultAddress_  
000057b8  _coreClearInstructionFault_         
00005738  _coreDisableEventBusExport_         
0000577c  _coreDisableFlashEcc_               
00005758  _coreDisableRamEcc_                 
00005728  _coreEnableEventBusExport_          
00005768  _coreEnableFlashEcc_                
0000578c  _coreEnableIrqVicOffset_            
00005748  _coreEnableRamEcc_                  
00005710  _coreEnableVfp_                     
000057ec  _coreGetAuxiliaryDataFault_         
00005800  _coreGetAuxiliaryInstructionFault_  
000057c4  _coreGetDataFaultAddress_           
0000579c  _coreGetDataFault_                  
000057d8  _coreGetInstructionFaultAddress_    
000057b0  _coreGetInstructionFault_           
00005598  _coreInitRegisters_                 
000056a4  _coreInitStackPointer_              
00005f20  _dabort                             
0000581c  _disable_FIQ_interrupt_             
00005824  _disable_IRQ_interrupt_             
00005814  _disable_interrupt_                 
0000582c  _enable_interrupt_                  
000058bc  _errata_CORTEXR4_57_                
000058cc  _errata_CORTEXR4_66_                
00005834  _esmCcmErrorsClear_                 
000056f0  _getCPSRValue_                      
000056f8  _gotoCPUIdle_                       
00006064  _pmuDisableCountersGlobal_          
00006054  _pmuEnableCountersGlobal_           
000060c0  _pmuGetCycleCount_                  
000060c8  _pmuGetEventCount_                  
000060d4  _pmuGetOverflow_                    
00006008  _pmuInit_                           
00006094  _pmuResetCounters_                  
00006074  _pmuResetCycleCounter_              
00006084  _pmuResetEventCounters_             
000060b4  _pmuSetCountEvent_                  
000060a4  _pmuStartCounters_                  
000060ac  _pmuStopCounters_                   
UNDEFED   _system_post_cinit                  
000062d1  abort                               
0000126c  adc1ParityCheck                     
00001358  adc2ParityCheck                     
ffffffff  binit                               
00001410  can1ParityCheck                     
000014e8  can2ParityCheck                     
000015b0  can3ParityCheck                     
00003e30  capGetSignal                        
00000030  ccmSelfCheck                        
000026fc  ccmr4GetConfigValue                 
00000938  checkB0RAMECC                       
00000b28  checkB1RAMECC                       
00001c18  checkClockMonitor                   
00000d18  checkFlashECC                       
00001cf4  checkFlashEEPROMECC                 
00001e8c  checkPLL1Slip                       
00001f8c  checkPLL2Slip                       
00002050  checkRAMAddrParity                  
000019d0  checkRAMECC                         
0000215c  checkRAMUERRTest                    
000007bc  checkefcSelfTest                    
00000234  cpuSelfTest                         
00000dfc  cpuSelfTestFail                     
00000df4  custom_dabort                       
00002b58  disableParity                       
00006180  dmaGroupANotification               
00000eac  dmaParityCheck                      
00003df0  edgeDisableNotification             
00003db4  edgeEnableNotification              
00003d88  edgeGetCounter                      
00006158  edgeNotification                    
00003d5c  edgeResetCounter                    
00000660  efcCheck                            
00002660  efcGetConfigValue                   
00000794  efcSelfTest                         
000006e8  efcStuckZeroTest                    
00002ad0  enableParity                        
0000276c  errata_PBIST_4                      
00005160  esmActivateNormalOperation          
00005234  esmClearStatus                      
00005274  esmClearStatusBuffer                
00005128  esmDisableError                     
00005198  esmDisableInterrupt                 
00005100  esmEnableError                      
00005170  esmEnableInterrupt                  
0000536c  esmEnterSelfTest                    
000050e4  esmError                            
00005444  esmGetConfigValue                   
000052b0  esmGetStatus                        
00005334  esmGetStatusBuffer                  
000060e8  esmGroup1Notification               
000060f8  esmGroup2Notification               
00005e0c  esmHighInterrupt                    
00004fdc  esmInit                             
000053f4  esmSelfTestStatus                   
00005290  esmSetCounterPreloadValue           
000051c0  esmSetInterruptLevel                
00005150  esmTriggerErrorPinReset             
000022c4  fmcBus1ParityCheck                  
0000085c  fmcBus2Check                        
00000898  fmcECCcheck                         
00003f3c  het1GetConfigValue                  
00000f58  het1ParityCheck                     
000010c0  het2ParityCheck                     
00003f24  hetGetTimestamp                     
00003824  hetInit                             
0000616c  hetNotification                     
00003f08  hetResetTimestamp                   
00001004  htu1ParityCheck                     
000011bc  htu2ParityCheck                     
000062c4  main                                
00002e38  mapClocks                           
00006195  memcpy                              
00000174  memoryInit                          
00006108  memoryPort0TestFailNotification     
00006124  memoryPort1TestFailNotification     
00001684  mibspi1ParityCheck                  
0000178c  mibspi3ParityCheck                  
000018b0  mibspi5ParityCheck                  
000049ac  muxInit                             
000023ec  pbistFail                           
00002470  pbistGetConfigValue                 
000005a8  pbistIsTestCompleted                
000005d4  pbistIsTestPassed                   
00000608  pbistPortTestStatus                 
000004ac  pbistRun                            
000002cc  pbistSelfCheck                      
00000578  pbistStop                           
00002de4  periphInit                          
000062d4  phantomInterrupt                    
00004d30  pinmuxGetConfigValue                
00003d2c  pwmDisableNotification              
00003ce4  pwmEnableNotification               
00003c04  pwmGetSignal                        
00006140  pwmNotification                     
0000394c  pwmSetDuty                          
00003a88  pwmSetSignal                        
000038e4  pwmStart                            
00003918  pwmStop                             
00000000  resetEntry                          
00000020  selftestFailNotification            
00002da4  setupFlash                          
00002cfc  setupPLL                            
0000361c  sramGetConfigValue                  
000025bc  stcGetConfigValue                   
000001b8  stcSelfCheck                        
00000df8  stcSelfCheckFail                    
0000305c  systemGetConfigValue                
00002f60  systemInit                          
0000302c  systemPowerDown                     
00003470  tcmflashGetConfigValue              
00002d5c  trimLPO                             
000041e8  vimChannelMap                       
000043e4  vimDisableInterrupt                 
0000428c  vimEnableInterrupt                  
00004468  vimGetConfigValue                   
00004114  vimInit                             
00000e00  vimParityCheck                      
00005b7c  vimParityErrorHandler               


GLOBAL SYMBOLS: SORTED BY Symbol Address 

address   name                                
-------   ----                                
00000000  __TI_static_base__                  
00000000  resetEntry                          
00000020  selftestFailNotification            
00000030  ccmSelfCheck                        
00000174  memoryInit                          
000001b8  stcSelfCheck                        
00000234  cpuSelfTest                         
000002cc  pbistSelfCheck                      
000004ac  pbistRun                            
00000578  pbistStop                           
000005a8  pbistIsTestCompleted                
000005d4  pbistIsTestPassed                   
00000608  pbistPortTestStatus                 
00000660  efcCheck                            
000006e8  efcStuckZeroTest                    
00000794  efcSelfTest                         
000007bc  checkefcSelfTest                    
0000085c  fmcBus2Check                        
00000898  fmcECCcheck                         
00000938  checkB0RAMECC                       
00000b28  checkB1RAMECC                       
00000d18  checkFlashECC                       
00000df4  custom_dabort                       
00000df8  stcSelfCheckFail                    
00000dfc  cpuSelfTestFail                     
00000e00  vimParityCheck                      
00000eac  dmaParityCheck                      
00000f58  het1ParityCheck                     
00001004  htu1ParityCheck                     
000010c0  het2ParityCheck                     
000011bc  htu2ParityCheck                     
0000126c  adc1ParityCheck                     
00001358  adc2ParityCheck                     
00001410  can1ParityCheck                     
000014e8  can2ParityCheck                     
000015b0  can3ParityCheck                     
00001684  mibspi1ParityCheck                  
0000178c  mibspi3ParityCheck                  
000018b0  mibspi5ParityCheck                  
000019d0  checkRAMECC                         
00001c18  checkClockMonitor                   
00001cf4  checkFlashEEPROMECC                 
00001e8c  checkPLL1Slip                       
00001f8c  checkPLL2Slip                       
00002050  checkRAMAddrParity                  
0000215c  checkRAMUERRTest                    
000022c4  fmcBus1ParityCheck                  
000023ec  pbistFail                           
00002470  pbistGetConfigValue                 
000025bc  stcGetConfigValue                   
00002660  efcGetConfigValue                   
000026fc  ccmr4GetConfigValue                 
0000276c  errata_PBIST_4                      
00002ad0  enableParity                        
00002b58  disableParity                       
00002cfc  setupPLL                            
00002d5c  trimLPO                             
00002da4  setupFlash                          
00002de4  periphInit                          
00002e38  mapClocks                           
00002f60  systemInit                          
0000302c  systemPowerDown                     
0000305c  systemGetConfigValue                
00003470  tcmflashGetConfigValue              
0000361c  sramGetConfigValue                  
00003824  hetInit                             
000038e4  pwmStart                            
00003918  pwmStop                             
0000394c  pwmSetDuty                          
00003a88  pwmSetSignal                        
00003c04  pwmGetSignal                        
00003ce4  pwmEnableNotification               
00003d2c  pwmDisableNotification              
00003d5c  edgeResetCounter                    
00003d88  edgeGetCounter                      
00003db4  edgeEnableNotification              
00003df0  edgeDisableNotification             
00003e30  capGetSignal                        
00003f08  hetResetTimestamp                   
00003f24  hetGetTimestamp                     
00003f3c  het1GetConfigValue                  
00004114  vimInit                             
000041e8  vimChannelMap                       
0000428c  vimEnableInterrupt                  
000043e4  vimDisableInterrupt                 
00004468  vimGetConfigValue                   
000049ac  muxInit                             
00004d30  pinmuxGetConfigValue                
00004fdc  esmInit                             
000050e4  esmError                            
00005100  esmEnableError                      
00005128  esmDisableError                     
00005150  esmTriggerErrorPinReset             
00005160  esmActivateNormalOperation          
00005170  esmEnableInterrupt                  
00005198  esmDisableInterrupt                 
000051c0  esmSetInterruptLevel                
00005234  esmClearStatus                      
00005274  esmClearStatusBuffer                
00005290  esmSetCounterPreloadValue           
000052b0  esmGetStatus                        
00005334  esmGetStatusBuffer                  
0000536c  esmEnterSelfTest                    
000053f4  esmSelfTestStatus                   
00005444  esmGetConfigValue                   
00005598  _coreInitRegisters_                 
000056a4  _coreInitStackPointer_              
000056f0  _getCPSRValue_                      
000056f8  _gotoCPUIdle_                       
00005710  _coreEnableVfp_                     
00005728  _coreEnableEventBusExport_          
00005738  _coreDisableEventBusExport_         
00005748  _coreEnableRamEcc_                  
00005758  _coreDisableRamEcc_                 
00005768  _coreEnableFlashEcc_                
0000577c  _coreDisableFlashEcc_               
0000578c  _coreEnableIrqVicOffset_            
0000579c  _coreGetDataFault_                  
000057a4  _coreClearDataFault_                
000057b0  _coreGetInstructionFault_           
000057b8  _coreClearInstructionFault_         
000057c4  _coreGetDataFaultAddress_           
000057cc  _coreClearDataFaultAddress_         
000057d8  _coreGetInstructionFaultAddress_    
000057e0  _coreClearInstructionFaultAddress_  
000057ec  _coreGetAuxiliaryDataFault_         
000057f4  _coreClearAuxiliaryDataFault_       
00005800  _coreGetAuxiliaryInstructionFault_  
00005808  _coreClearAuxiliaryInstructionFault_
00005814  _disable_interrupt_                 
0000581c  _disable_FIQ_interrupt_             
00005824  _disable_IRQ_interrupt_             
0000582c  _enable_interrupt_                  
00005834  _esmCcmErrorsClear_                 
000058bc  _errata_CORTEXR4_57_                
000058cc  _errata_CORTEXR4_66_                
000058dc  __TI_PINIT_Base                     
000058e0  __TI_PINIT_Limit                    
000058e4  _c_int00                            
00005b7c  vimParityErrorHandler               
00005e0c  esmHighInterrupt                    
00005f20  _dabort                             
00006008  _pmuInit_                           
00006054  _pmuEnableCountersGlobal_           
00006064  _pmuDisableCountersGlobal_          
00006074  _pmuResetCycleCounter_              
00006084  _pmuResetEventCounters_             
00006094  _pmuResetCounters_                  
000060a4  _pmuStartCounters_                  
000060ac  _pmuStopCounters_                   
000060b4  _pmuSetCountEvent_                  
000060c0  _pmuGetCycleCount_                  
000060c8  _pmuGetEventCount_                  
000060d4  _pmuGetOverflow_                    
000060e8  esmGroup1Notification               
000060f8  esmGroup2Notification               
00006108  memoryPort0TestFailNotification     
00006124  memoryPort1TestFailNotification     
00006140  pwmNotification                     
00006158  edgeNotification                    
0000616c  hetNotification                     
00006180  dmaGroupANotification               
00006195  __aeabi_memcpy                      
00006195  __aeabi_memcpy4                     
00006195  __aeabi_memcpy8                     
00006195  memcpy                              
00006230  __aeabi_uidiv                       
00006230  __aeabi_uidivmod                    
00006281  __TI_auto_init_nobinit_nopinit      
000062c4  main                                
000062d1  C$$EXIT                             
000062d1  abort                               
000062d4  phantomInterrupt                    
000062d9  __aeabi_idiv0                       
000062d9  __aeabi_ldiv0                       
ffffffff  __TI_pprof_out_hndl                 
ffffffff  __TI_prof_data_size                 
ffffffff  __TI_prof_data_start                
ffffffff  __binit__                           
ffffffff  __c_args__                          
ffffffff  binit                               
UNDEFED   SHT$$INIT_ARRAY$$Base               
UNDEFED   SHT$$INIT_ARRAY$$Limit              
UNDEFED   __TI_CINIT_Base                     
UNDEFED   __TI_CINIT_Limit                    
UNDEFED   __TI_Handler_Table_Base             
UNDEFED   __TI_Handler_Table_Limit            
UNDEFED   _system_post_cinit                  

[188 symbols]
