<?xml version="1.0" encoding="ISO-8859-1" ?>
<link_info>
   <banner>TI ARM Linker PC v18.1.2.LTS</banner>
   <copyright>Copyright (c) 1996-2017 Texas Instruments Incorporated</copyright>
   <link_time>0x5b8ff653</link_time>
   <link_errors>0x0</link_errors>
   <output_file>Pwm.out</output_file>
   <entry_point>
      <name>_c_int00</name>
      <address>0x58e4</address>
   </entry_point>
   <input_file_list>
      <input_file id="fl-2">
         <path>.\source\</path>
         <kind>object</kind>
         <file>dabort.obj</file>
         <name>dabort.obj</name>
      </input_file>
      <input_file id="fl-3">
         <path>.\source\</path>
         <kind>object</kind>
         <file>esm.obj</file>
         <name>esm.obj</name>
      </input_file>
      <input_file id="fl-4">
         <path>.\source\</path>
         <kind>object</kind>
         <file>het.obj</file>
         <name>het.obj</name>
      </input_file>
      <input_file id="fl-5">
         <path>.\source\</path>
         <kind>object</kind>
         <file>notification.obj</file>
         <name>notification.obj</name>
      </input_file>
      <input_file id="fl-6">
         <path>.\source\</path>
         <kind>object</kind>
         <file>pinmux.obj</file>
         <name>pinmux.obj</name>
      </input_file>
      <input_file id="fl-7">
         <path>.\source\</path>
         <kind>object</kind>
         <file>sys_core.obj</file>
         <name>sys_core.obj</name>
      </input_file>
      <input_file id="fl-8">
         <path>.\source\</path>
         <kind>object</kind>
         <file>sys_dma.obj</file>
         <name>sys_dma.obj</name>
      </input_file>
      <input_file id="fl-9">
         <path>.\source\</path>
         <kind>object</kind>
         <file>sys_intvecs.obj</file>
         <name>sys_intvecs.obj</name>
      </input_file>
      <input_file id="fl-a">
         <path>.\source\</path>
         <kind>object</kind>
         <file>sys_main.obj</file>
         <name>sys_main.obj</name>
      </input_file>
      <input_file id="fl-b">
         <path>.\source\</path>
         <kind>object</kind>
         <file>sys_mpu.obj</file>
         <name>sys_mpu.obj</name>
      </input_file>
      <input_file id="fl-c">
         <path>.\source\</path>
         <kind>object</kind>
         <file>sys_pcr.obj</file>
         <name>sys_pcr.obj</name>
      </input_file>
      <input_file id="fl-d">
         <path>.\source\</path>
         <kind>object</kind>
         <file>sys_phantom.obj</file>
         <name>sys_phantom.obj</name>
      </input_file>
      <input_file id="fl-e">
         <path>.\source\</path>
         <kind>object</kind>
         <file>sys_pmm.obj</file>
         <name>sys_pmm.obj</name>
      </input_file>
      <input_file id="fl-f">
         <path>.\source\</path>
         <kind>object</kind>
         <file>sys_pmu.obj</file>
         <name>sys_pmu.obj</name>
      </input_file>
      <input_file id="fl-10">
         <path>.\source\</path>
         <kind>object</kind>
         <file>sys_selftest.obj</file>
         <name>sys_selftest.obj</name>
      </input_file>
      <input_file id="fl-11">
         <path>.\source\</path>
         <kind>object</kind>
         <file>sys_startup.obj</file>
         <name>sys_startup.obj</name>
      </input_file>
      <input_file id="fl-12">
         <path>.\source\</path>
         <kind>object</kind>
         <file>sys_vim.obj</file>
         <name>sys_vim.obj</name>
      </input_file>
      <input_file id="fl-13">
         <path>.\source\</path>
         <kind>object</kind>
         <file>system.obj</file>
         <name>system.obj</name>
      </input_file>
      <input_file id="fl-17">
         <kind>object</kind>
         <file>&lt;internal&gt;</file>
         <name>&lt;internal&gt;</name>
      </input_file>
      <input_file id="fl-18">
         <path>C:\ti\ccsv8\tools\compiler\ti-cgt-arm_18.1.2.LTS\lib\</path>
         <kind>archive</kind>
         <file>rtsv7R4_T_be_v3D16_eabi.lib</file>
         <name>u_div32.asm.obj</name>
      </input_file>
      <input_file id="fl-19">
         <path>C:\ti\ccsv8\tools\compiler\ti-cgt-arm_18.1.2.LTS\lib\</path>
         <kind>archive</kind>
         <file>rtsv7R4_T_be_v3D16_eabi.lib</file>
         <name>memcpy_t2.asm.obj</name>
      </input_file>
      <input_file id="fl-1a">
         <path>C:\ti\ccsv8\tools\compiler\ti-cgt-arm_18.1.2.LTS\lib\</path>
         <kind>archive</kind>
         <file>rtsv7R4_T_be_v3D16_eabi.lib</file>
         <name>autoinit.c.obj</name>
      </input_file>
      <input_file id="fl-1b">
         <path>C:\ti\ccsv8\tools\compiler\ti-cgt-arm_18.1.2.LTS\lib\</path>
         <kind>archive</kind>
         <file>rtsv7R4_T_be_v3D16_eabi.lib</file>
         <name>cpy_tbl.c.obj</name>
      </input_file>
      <input_file id="fl-1c">
         <path>C:\ti\ccsv8\tools\compiler\ti-cgt-arm_18.1.2.LTS\lib\</path>
         <kind>archive</kind>
         <file>rtsv7R4_T_be_v3D16_eabi.lib</file>
         <name>copy_zero_init.c.obj</name>
      </input_file>
      <input_file id="fl-1d">
         <path>C:\ti\ccsv8\tools\compiler\ti-cgt-arm_18.1.2.LTS\lib\</path>
         <kind>archive</kind>
         <file>rtsv7R4_T_be_v3D16_eabi.lib</file>
         <name>copy_decompress_none.c.obj</name>
      </input_file>
      <input_file id="fl-1e">
         <path>C:\ti\ccsv8\tools\compiler\ti-cgt-arm_18.1.2.LTS\lib\</path>
         <kind>archive</kind>
         <file>rtsv7R4_T_be_v3D16_eabi.lib</file>
         <name>copy_decompress_lzss.c.obj</name>
      </input_file>
      <input_file id="fl-1f">
         <path>C:\ti\ccsv8\tools\compiler\ti-cgt-arm_18.1.2.LTS\lib\</path>
         <kind>archive</kind>
         <file>rtsv7R4_T_be_v3D16_eabi.lib</file>
         <name>exit.c.obj</name>
      </input_file>
      <input_file id="fl-20">
         <path>C:\ti\ccsv8\tools\compiler\ti-cgt-arm_18.1.2.LTS\lib\</path>
         <kind>archive</kind>
         <file>rtsv7R4_T_be_v3D16_eabi.lib</file>
         <name>_lock.c.obj</name>
      </input_file>
      <input_file id="fl-21">
         <path>C:\ti\ccsv8\tools\compiler\ti-cgt-arm_18.1.2.LTS\lib\</path>
         <kind>archive</kind>
         <file>rtsv7R4_T_be_v3D16_eabi.lib</file>
         <name>div0.asm.obj</name>
      </input_file>
      <input_file id="fl-22">
         <path>C:\ti\ccsv8\tools\compiler\ti-cgt-arm_18.1.2.LTS\lib\</path>
         <kind>archive</kind>
         <file>rtsv7R4_T_be_v3D16_eabi.lib</file>
         <name>memset_t2.asm.obj</name>
      </input_file>
   </input_file_list>
   <object_component_list>
      <object_component id="oc-28">
         <name>.intvecs</name>
         <load_address>0x0</load_address>
         <run_address>0x0</run_address>
         <size>0x20</size>
         <input_file_ref idref="fl-9"/>
      </object_component>
      <object_component id="oc-6d">
         <name>.text</name>
         <load_address>0x20</load_address>
         <run_address>0x20</run_address>
         <size>0x2cdc</size>
         <input_file_ref idref="fl-10"/>
      </object_component>
      <object_component id="oc-67">
         <name>.text</name>
         <load_address>0x2cfc</load_address>
         <run_address>0x2cfc</run_address>
         <size>0xb28</size>
         <input_file_ref idref="fl-13"/>
      </object_component>
      <object_component id="oc-106">
         <name>.text</name>
         <load_address>0x3824</load_address>
         <run_address>0x3824</run_address>
         <size>0x8f0</size>
         <input_file_ref idref="fl-4"/>
      </object_component>
      <object_component id="oc-34">
         <name>.text</name>
         <load_address>0x4114</load_address>
         <run_address>0x4114</run_address>
         <size>0x898</size>
         <input_file_ref idref="fl-12"/>
      </object_component>
      <object_component id="oc-c0">
         <name>.text</name>
         <load_address>0x49ac</load_address>
         <run_address>0x49ac</run_address>
         <size>0x630</size>
         <input_file_ref idref="fl-6"/>
      </object_component>
      <object_component id="oc-73">
         <name>.text</name>
         <load_address>0x4fdc</load_address>
         <run_address>0x4fdc</run_address>
         <size>0x5bc</size>
         <input_file_ref idref="fl-3"/>
      </object_component>
      <object_component id="oc-62">
         <name>.text</name>
         <load_address>0x5598</load_address>
         <run_address>0x5598</run_address>
         <size>0x34c</size>
         <input_file_ref idref="fl-7"/>
      </object_component>
      <object_component id="oc-19">
         <name>.text:retain</name>
         <load_address>0x58e4</load_address>
         <run_address>0x58e4</run_address>
         <size>0x298</size>
         <input_file_ref idref="fl-11"/>
      </object_component>
      <object_component id="oc-33">
         <name>.text:retain</name>
         <load_address>0x5b7c</load_address>
         <run_address>0x5b7c</run_address>
         <size>0x290</size>
         <input_file_ref idref="fl-12"/>
      </object_component>
      <object_component id="oc-1f">
         <name>.text:retain</name>
         <load_address>0x5e0c</load_address>
         <run_address>0x5e0c</run_address>
         <size>0x114</size>
         <input_file_ref idref="fl-3"/>
      </object_component>
      <object_component id="oc-91">
         <name>.text</name>
         <load_address>0x5f20</load_address>
         <run_address>0x5f20</run_address>
         <size>0xe8</size>
         <input_file_ref idref="fl-2"/>
      </object_component>
      <object_component id="oc-c8">
         <name>.text</name>
         <load_address>0x6008</load_address>
         <run_address>0x6008</run_address>
         <size>0xe0</size>
         <input_file_ref idref="fl-f"/>
      </object_component>
      <object_component id="oc-82">
         <name>.text</name>
         <load_address>0x60e8</load_address>
         <run_address>0x60e8</run_address>
         <size>0xac</size>
         <input_file_ref idref="fl-5"/>
      </object_component>
      <object_component id="oc-4a">
         <name>.text</name>
         <load_address>0x6194</load_address>
         <run_address>0x6194</run_address>
         <size>0x9c</size>
         <input_file_ref idref="fl-19"/>
      </object_component>
      <object_component id="oc-1b8">
         <name>.text</name>
         <load_address>0x6230</load_address>
         <run_address>0x6230</run_address>
         <size>0x50</size>
         <input_file_ref idref="fl-18"/>
      </object_component>
      <object_component id="oc-d6">
         <name>.text:__TI_auto_init_nobinit_nopinit:__TI_auto_init_nobinit_nopinit</name>
         <load_address>0x6280</load_address>
         <run_address>0x6280</run_address>
         <size>0x44</size>
         <input_file_ref idref="fl-1a"/>
      </object_component>
      <object_component id="oc-7a">
         <name>.text</name>
         <load_address>0x62c4</load_address>
         <run_address>0x62c4</run_address>
         <size>0xc</size>
         <input_file_ref idref="fl-a"/>
      </object_component>
      <object_component id="oc-10d">
         <name>.text:abort:abort</name>
         <load_address>0x62d0</load_address>
         <run_address>0x62d0</run_address>
         <size>0x4</size>
         <input_file_ref idref="fl-1f"/>
      </object_component>
      <object_component id="oc-2d">
         <name>.text:retain</name>
         <load_address>0x62d4</load_address>
         <run_address>0x62d4</run_address>
         <size>0x4</size>
         <input_file_ref idref="fl-d"/>
      </object_component>
      <object_component id="oc-1fb">
         <name>.text</name>
         <load_address>0x62d8</load_address>
         <run_address>0x62d8</run_address>
         <size>0x2</size>
         <input_file_ref idref="fl-21"/>
      </object_component>
      <object_component id="oc-1bd">
         <name>.const:het1PROGRAM</name>
         <load_address>0x62dc</load_address>
         <run_address>0x62dc</run_address>
         <size>0x3a0</size>
         <input_file_ref idref="fl-4"/>
      </object_component>
      <object_component id="oc-20">
         <name>.const:s_vim_init</name>
         <load_address>0x667c</load_address>
         <run_address>0x667c</run_address>
         <size>0x180</size>
         <input_file_ref idref="fl-12"/>
      </object_component>
      <object_component id="oc-1c0">
         <name>.const:s_het1pwmPolarity</name>
         <load_address>0x67fc</load_address>
         <run_address>0x67fc</run_address>
         <size>0x20</size>
         <input_file_ref idref="fl-4"/>
      </object_component>
      <object_component id="oc-92">
         <name>.debug_info</name>
         <load_address>0x0</load_address>
         <run_address>0x0</run_address>
         <size>0x104</size>
         <input_file_ref idref="fl-2"/>
      </object_component>
      <object_component id="oc-d5">
         <name>.debug_info</name>
         <load_address>0x104</load_address>
         <run_address>0x104</run_address>
         <size>0x318</size>
         <input_file_ref idref="fl-3"/>
      </object_component>
      <object_component id="oc-74">
         <name>.debug_info</name>
         <load_address>0x41c</load_address>
         <run_address>0x41c</run_address>
         <size>0xb2d</size>
         <input_file_ref idref="fl-3"/>
      </object_component>
      <object_component id="oc-23">
         <name>.debug_info</name>
         <load_address>0xf49</load_address>
         <run_address>0xf49</run_address>
         <size>0x18d</size>
         <input_file_ref idref="fl-3"/>
      </object_component>
      <object_component id="oc-127">
         <name>.debug_info</name>
         <load_address>0x10d6</load_address>
         <run_address>0x10d6</run_address>
         <size>0x26b</size>
         <input_file_ref idref="fl-3"/>
      </object_component>
      <object_component id="oc-8c">
         <name>.debug_info</name>
         <load_address>0x1341</load_address>
         <run_address>0x1341</run_address>
         <size>0x157</size>
         <input_file_ref idref="fl-3"/>
      </object_component>
      <object_component id="oc-122">
         <name>.debug_info</name>
         <load_address>0x1498</load_address>
         <run_address>0x1498</run_address>
         <size>0x8b</size>
         <input_file_ref idref="fl-3"/>
      </object_component>
      <object_component id="oc-99">
         <name>.debug_info</name>
         <load_address>0x1523</load_address>
         <run_address>0x1523</run_address>
         <size>0x18c</size>
         <input_file_ref idref="fl-3"/>
      </object_component>
      <object_component id="oc-1db">
         <name>.debug_info</name>
         <load_address>0x16af</load_address>
         <run_address>0x16af</run_address>
         <size>0x297</size>
         <input_file_ref idref="fl-3"/>
      </object_component>
      <object_component id="oc-14f">
         <name>.debug_info</name>
         <load_address>0x1946</load_address>
         <run_address>0x1946</run_address>
         <size>0xbb</size>
         <input_file_ref idref="fl-3"/>
      </object_component>
      <object_component id="oc-9e">
         <name>.debug_info</name>
         <load_address>0x1a01</load_address>
         <run_address>0x1a01</run_address>
         <size>0x86</size>
         <input_file_ref idref="fl-3"/>
      </object_component>
      <object_component id="oc-12c">
         <name>.debug_info</name>
         <load_address>0x1a87</load_address>
         <run_address>0x1a87</run_address>
         <size>0x1de</size>
         <input_file_ref idref="fl-3"/>
      </object_component>
      <object_component id="oc-d0">
         <name>.debug_info</name>
         <load_address>0x1c65</load_address>
         <run_address>0x1c65</run_address>
         <size>0x129</size>
         <input_file_ref idref="fl-3"/>
      </object_component>
      <object_component id="oc-145">
         <name>.debug_info</name>
         <load_address>0x1d8e</load_address>
         <run_address>0x1d8e</run_address>
         <size>0x2cf</size>
         <input_file_ref idref="fl-3"/>
      </object_component>
      <object_component id="oc-1c4">
         <name>.debug_info</name>
         <load_address>0x205d</load_address>
         <run_address>0x205d</run_address>
         <size>0x2f1</size>
         <input_file_ref idref="fl-4"/>
      </object_component>
      <object_component id="oc-1c1">
         <name>.debug_info</name>
         <load_address>0x234e</load_address>
         <run_address>0x234e</run_address>
         <size>0xf0</size>
         <input_file_ref idref="fl-4"/>
      </object_component>
      <object_component id="oc-1be">
         <name>.debug_info</name>
         <load_address>0x243e</load_address>
         <run_address>0x243e</run_address>
         <size>0xe4</size>
         <input_file_ref idref="fl-4"/>
      </object_component>
      <object_component id="oc-107">
         <name>.debug_info</name>
         <load_address>0x2522</load_address>
         <run_address>0x2522</run_address>
         <size>0xd6c</size>
         <input_file_ref idref="fl-4"/>
      </object_component>
      <object_component id="oc-136">
         <name>.debug_info</name>
         <load_address>0x328e</load_address>
         <run_address>0x328e</run_address>
         <size>0x1f9</size>
         <input_file_ref idref="fl-4"/>
      </object_component>
      <object_component id="oc-181">
         <name>.debug_info</name>
         <load_address>0x3487</load_address>
         <run_address>0x3487</run_address>
         <size>0x3d3</size>
         <input_file_ref idref="fl-4"/>
      </object_component>
      <object_component id="oc-1c5">
         <name>.debug_info</name>
         <load_address>0x385a</load_address>
         <run_address>0x385a</run_address>
         <size>0x2e3</size>
         <input_file_ref idref="fl-4"/>
      </object_component>
      <object_component id="oc-11a">
         <name>.debug_info</name>
         <load_address>0x3b3d</load_address>
         <run_address>0x3b3d</run_address>
         <size>0x470</size>
         <input_file_ref idref="fl-5"/>
      </object_component>
      <object_component id="oc-83">
         <name>.debug_info</name>
         <load_address>0x3fad</load_address>
         <run_address>0x3fad</run_address>
         <size>0x826</size>
         <input_file_ref idref="fl-5"/>
      </object_component>
      <object_component id="oc-168">
         <name>.debug_info</name>
         <load_address>0x47d3</load_address>
         <run_address>0x47d3</run_address>
         <size>0x60e</size>
         <input_file_ref idref="fl-5"/>
      </object_component>
      <object_component id="oc-16d">
         <name>.debug_info</name>
         <load_address>0x4de1</load_address>
         <run_address>0x4de1</run_address>
         <size>0x4de</size>
         <input_file_ref idref="fl-5"/>
      </object_component>
      <object_component id="oc-172">
         <name>.debug_info</name>
         <load_address>0x52bf</load_address>
         <run_address>0x52bf</run_address>
         <size>0x3ce</size>
         <input_file_ref idref="fl-5"/>
      </object_component>
      <object_component id="oc-1d6">
         <name>.debug_info</name>
         <load_address>0x568d</load_address>
         <run_address>0x568d</run_address>
         <size>0x7cd</size>
         <input_file_ref idref="fl-5"/>
      </object_component>
      <object_component id="oc-11b">
         <name>.debug_info</name>
         <load_address>0x5e5a</load_address>
         <run_address>0x5e5a</run_address>
         <size>0x673</size>
         <input_file_ref idref="fl-5"/>
      </object_component>
      <object_component id="oc-177">
         <name>.debug_info</name>
         <load_address>0x64cd</load_address>
         <run_address>0x64cd</run_address>
         <size>0x437</size>
         <input_file_ref idref="fl-5"/>
      </object_component>
      <object_component id="oc-1a2">
         <name>.debug_info</name>
         <load_address>0x6904</load_address>
         <run_address>0x6904</run_address>
         <size>0x37b</size>
         <input_file_ref idref="fl-5"/>
      </object_component>
      <object_component id="oc-17c">
         <name>.debug_info</name>
         <load_address>0x6c7f</load_address>
         <run_address>0x6c7f</run_address>
         <size>0x1ca</size>
         <input_file_ref idref="fl-5"/>
      </object_component>
      <object_component id="oc-131">
         <name>.debug_info</name>
         <load_address>0x6e49</load_address>
         <run_address>0x6e49</run_address>
         <size>0x435</size>
         <input_file_ref idref="fl-5"/>
      </object_component>
      <object_component id="oc-195">
         <name>.debug_info</name>
         <load_address>0x727e</load_address>
         <run_address>0x727e</run_address>
         <size>0x551</size>
         <input_file_ref idref="fl-5"/>
      </object_component>
      <object_component id="oc-18b">
         <name>.debug_info</name>
         <load_address>0x77cf</load_address>
         <run_address>0x77cf</run_address>
         <size>0x1de</size>
         <input_file_ref idref="fl-5"/>
      </object_component>
      <object_component id="oc-19a">
         <name>.debug_info</name>
         <load_address>0x79ad</load_address>
         <run_address>0x79ad</run_address>
         <size>0x17a</size>
         <input_file_ref idref="fl-5"/>
      </object_component>
      <object_component id="oc-13b">
         <name>.debug_info</name>
         <load_address>0x7b27</load_address>
         <run_address>0x7b27</run_address>
         <size>0x6a6</size>
         <input_file_ref idref="fl-5"/>
      </object_component>
      <object_component id="oc-140">
         <name>.debug_info</name>
         <load_address>0x81cd</load_address>
         <run_address>0x81cd</run_address>
         <size>0x13e</size>
         <input_file_ref idref="fl-5"/>
      </object_component>
      <object_component id="oc-165">
         <name>.debug_info</name>
         <load_address>0x830b</load_address>
         <run_address>0x830b</run_address>
         <size>0x2ce</size>
         <input_file_ref idref="fl-6"/>
      </object_component>
      <object_component id="oc-c1">
         <name>.debug_info</name>
         <load_address>0x85d9</load_address>
         <run_address>0x85d9</run_address>
         <size>0x1e7</size>
         <input_file_ref idref="fl-6"/>
      </object_component>
      <object_component id="oc-186">
         <name>.debug_info</name>
         <load_address>0x87c0</load_address>
         <run_address>0x87c0</run_address>
         <size>0x3a4</size>
         <input_file_ref idref="fl-6"/>
      </object_component>
      <object_component id="oc-1e2">
         <name>.debug_info</name>
         <load_address>0x8b64</load_address>
         <run_address>0x8b64</run_address>
         <size>0x2c7</size>
         <input_file_ref idref="fl-6"/>
      </object_component>
      <object_component id="oc-63">
         <name>.debug_info</name>
         <load_address>0x8e2b</load_address>
         <run_address>0x8e2b</run_address>
         <size>0x7f9</size>
         <input_file_ref idref="fl-7"/>
      </object_component>
      <object_component id="oc-29">
         <name>.debug_info</name>
         <load_address>0x9624</load_address>
         <run_address>0x9624</run_address>
         <size>0x10c</size>
         <input_file_ref idref="fl-9"/>
      </object_component>
      <object_component id="oc-7c">
         <name>.debug_info</name>
         <load_address>0x9730</load_address>
         <run_address>0x9730</run_address>
         <size>0x124</size>
         <input_file_ref idref="fl-a"/>
      </object_component>
      <object_component id="oc-1e7">
         <name>.debug_info</name>
         <load_address>0x9854</load_address>
         <run_address>0x9854</run_address>
         <size>0x2a1</size>
         <input_file_ref idref="fl-c"/>
      </object_component>
      <object_component id="oc-217">
         <name>.debug_info</name>
         <load_address>0x9af5</load_address>
         <run_address>0x9af5</run_address>
         <size>0x242</size>
         <input_file_ref idref="fl-c"/>
      </object_component>
      <object_component id="oc-190">
         <name>.debug_info</name>
         <load_address>0x9d37</load_address>
         <run_address>0x9d37</run_address>
         <size>0x2af</size>
         <input_file_ref idref="fl-c"/>
      </object_component>
      <object_component id="oc-2e">
         <name>.debug_info</name>
         <load_address>0x9fe6</load_address>
         <run_address>0x9fe6</run_address>
         <size>0x13e</size>
         <input_file_ref idref="fl-d"/>
      </object_component>
      <object_component id="oc-c9">
         <name>.debug_info</name>
         <load_address>0xa124</load_address>
         <run_address>0xa124</run_address>
         <size>0x36b</size>
         <input_file_ref idref="fl-f"/>
      </object_component>
      <object_component id="oc-ce">
         <name>.debug_info</name>
         <load_address>0xa48f</load_address>
         <run_address>0xa48f</run_address>
         <size>0x65e</size>
         <input_file_ref idref="fl-10"/>
      </object_component>
      <object_component id="oc-6e">
         <name>.debug_info</name>
         <load_address>0xaaed</load_address>
         <run_address>0xaaed</run_address>
         <size>0x2e90</size>
         <input_file_ref idref="fl-10"/>
      </object_component>
      <object_component id="oc-1a">
         <name>.debug_info</name>
         <load_address>0xd97d</load_address>
         <run_address>0xd97d</run_address>
         <size>0x5c3</size>
         <input_file_ref idref="fl-11"/>
      </object_component>
      <object_component id="oc-8a">
         <name>.debug_info</name>
         <load_address>0xdf40</load_address>
         <run_address>0xdf40</run_address>
         <size>0x44d</size>
         <input_file_ref idref="fl-12"/>
      </object_component>
      <object_component id="oc-21">
         <name>.debug_info</name>
         <load_address>0xe38d</load_address>
         <run_address>0xe38d</run_address>
         <size>0xe6</size>
         <input_file_ref idref="fl-12"/>
      </object_component>
      <object_component id="oc-35">
         <name>.debug_info</name>
         <load_address>0xe473</load_address>
         <run_address>0xe473</run_address>
         <size>0x478</size>
         <input_file_ref idref="fl-12"/>
      </object_component>
      <object_component id="oc-3a">
         <name>.debug_info</name>
         <load_address>0xe8eb</load_address>
         <run_address>0xe8eb</run_address>
         <size>0x201</size>
         <input_file_ref idref="fl-12"/>
      </object_component>
      <object_component id="oc-14a">
         <name>.debug_info</name>
         <load_address>0xeaec</load_address>
         <run_address>0xeaec</run_address>
         <size>0x4f</size>
         <input_file_ref idref="fl-12"/>
      </object_component>
      <object_component id="oc-c7">
         <name>.debug_info</name>
         <load_address>0xeb3b</load_address>
         <run_address>0xeb3b</run_address>
         <size>0x50b</size>
         <input_file_ref idref="fl-13"/>
      </object_component>
      <object_component id="oc-68">
         <name>.debug_info</name>
         <load_address>0xf046</load_address>
         <run_address>0xf046</run_address>
         <size>0x737</size>
         <input_file_ref idref="fl-13"/>
      </object_component>
      <object_component id="oc-1ba">
         <name>.debug_info</name>
         <load_address>0xf77d</load_address>
         <run_address>0xf77d</run_address>
         <size>0x149</size>
         <input_file_ref idref="fl-18"/>
      </object_component>
      <object_component id="oc-4b">
         <name>.debug_info</name>
         <load_address>0xf8c6</load_address>
         <run_address>0xf8c6</run_address>
         <size>0x111</size>
         <input_file_ref idref="fl-19"/>
      </object_component>
      <object_component id="oc-1aa">
         <name>.debug_info</name>
         <load_address>0xf9d7</load_address>
         <run_address>0xf9d7</run_address>
         <size>0x547</size>
         <input_file_ref idref="fl-1a"/>
      </object_component>
      <object_component id="oc-d9">
         <name>.debug_info</name>
         <load_address>0xff1e</load_address>
         <run_address>0xff1e</run_address>
         <size>0x19b</size>
         <input_file_ref idref="fl-1a"/>
      </object_component>
      <object_component id="oc-45">
         <name>.debug_info</name>
         <load_address>0x100b9</load_address>
         <run_address>0x100b9</run_address>
         <size>0x84</size>
         <input_file_ref idref="fl-1a"/>
      </object_component>
      <object_component id="oc-1ea">
         <name>.debug_info</name>
         <load_address>0x1013d</load_address>
         <run_address>0x1013d</run_address>
         <size>0x39</size>
         <input_file_ref idref="fl-1a"/>
      </object_component>
      <object_component id="oc-21c">
         <name>.debug_info</name>
         <load_address>0x10176</load_address>
         <run_address>0x10176</run_address>
         <size>0x39</size>
         <input_file_ref idref="fl-1a"/>
      </object_component>
      <object_component id="oc-1ef">
         <name>.debug_info</name>
         <load_address>0x101af</load_address>
         <run_address>0x101af</run_address>
         <size>0x39</size>
         <input_file_ref idref="fl-1a"/>
      </object_component>
      <object_component id="oc-1f4">
         <name>.debug_info</name>
         <load_address>0x101e8</load_address>
         <run_address>0x101e8</run_address>
         <size>0xcd</size>
         <input_file_ref idref="fl-1a"/>
      </object_component>
      <object_component id="oc-111">
         <name>.debug_info</name>
         <load_address>0x102b5</load_address>
         <run_address>0x102b5</run_address>
         <size>0x117</size>
         <input_file_ref idref="fl-1f"/>
      </object_component>
      <object_component id="oc-1fc">
         <name>.debug_info</name>
         <load_address>0x103cc</load_address>
         <run_address>0x103cc</run_address>
         <size>0x10d</size>
         <input_file_ref idref="fl-21"/>
      </object_component>
      <object_component id="oc-24f">
         <name>.debug_info</name>
         <load_address>0x104d9</load_address>
         <run_address>0x104d9</run_address>
         <size>0xab</size>
      </object_component>
      <object_component id="oc-95">
         <name>.debug_line</name>
         <load_address>0x0</load_address>
         <run_address>0x0</run_address>
         <size>0x78</size>
         <input_file_ref idref="fl-2"/>
      </object_component>
      <object_component id="oc-1a8">
         <name>.debug_line</name>
         <load_address>0x78</load_address>
         <run_address>0x78</run_address>
         <size>0x68</size>
         <input_file_ref idref="fl-3"/>
      </object_component>
      <object_component id="oc-77">
         <name>.debug_line</name>
         <load_address>0xe0</load_address>
         <run_address>0xe0</run_address>
         <size>0x289</size>
         <input_file_ref idref="fl-3"/>
      </object_component>
      <object_component id="oc-26">
         <name>.debug_line</name>
         <load_address>0x369</load_address>
         <run_address>0x369</run_address>
         <size>0x6e</size>
         <input_file_ref idref="fl-3"/>
      </object_component>
      <object_component id="oc-12a">
         <name>.debug_line</name>
         <load_address>0x3d7</load_address>
         <run_address>0x3d7</run_address>
         <size>0x69</size>
         <input_file_ref idref="fl-3"/>
      </object_component>
      <object_component id="oc-8f">
         <name>.debug_line</name>
         <load_address>0x440</load_address>
         <run_address>0x440</run_address>
         <size>0x71</size>
         <input_file_ref idref="fl-3"/>
      </object_component>
      <object_component id="oc-125">
         <name>.debug_line</name>
         <load_address>0x4b1</load_address>
         <run_address>0x4b1</run_address>
         <size>0x20</size>
         <input_file_ref idref="fl-3"/>
      </object_component>
      <object_component id="oc-9c">
         <name>.debug_line</name>
         <load_address>0x4d1</load_address>
         <run_address>0x4d1</run_address>
         <size>0x6c</size>
         <input_file_ref idref="fl-3"/>
      </object_component>
      <object_component id="oc-1de">
         <name>.debug_line</name>
         <load_address>0x53d</load_address>
         <run_address>0x53d</run_address>
         <size>0x6d</size>
         <input_file_ref idref="fl-3"/>
      </object_component>
      <object_component id="oc-152">
         <name>.debug_line</name>
         <load_address>0x5aa</load_address>
         <run_address>0x5aa</run_address>
         <size>0x6a</size>
         <input_file_ref idref="fl-3"/>
      </object_component>
      <object_component id="oc-a1">
         <name>.debug_line</name>
         <load_address>0x614</load_address>
         <run_address>0x614</run_address>
         <size>0x6f</size>
         <input_file_ref idref="fl-3"/>
      </object_component>
      <object_component id="oc-12f">
         <name>.debug_line</name>
         <load_address>0x683</load_address>
         <run_address>0x683</run_address>
         <size>0x6c</size>
         <input_file_ref idref="fl-3"/>
      </object_component>
      <object_component id="oc-d3">
         <name>.debug_line</name>
         <load_address>0x6ef</load_address>
         <run_address>0x6ef</run_address>
         <size>0x68</size>
         <input_file_ref idref="fl-3"/>
      </object_component>
      <object_component id="oc-148">
         <name>.debug_line</name>
         <load_address>0x757</load_address>
         <run_address>0x757</run_address>
         <size>0x6c</size>
         <input_file_ref idref="fl-3"/>
      </object_component>
      <object_component id="oc-206">
         <name>.debug_line</name>
         <load_address>0x7c3</load_address>
         <run_address>0x7c3</run_address>
         <size>0x20</size>
         <input_file_ref idref="fl-4"/>
      </object_component>
      <object_component id="oc-204">
         <name>.debug_line</name>
         <load_address>0x7e3</load_address>
         <run_address>0x7e3</run_address>
         <size>0x33</size>
         <input_file_ref idref="fl-4"/>
      </object_component>
      <object_component id="oc-202">
         <name>.debug_line</name>
         <load_address>0x816</load_address>
         <run_address>0x816</run_address>
         <size>0x33</size>
         <input_file_ref idref="fl-4"/>
      </object_component>
      <object_component id="oc-10a">
         <name>.debug_line</name>
         <load_address>0x849</load_address>
         <run_address>0x849</run_address>
         <size>0x2a4</size>
         <input_file_ref idref="fl-4"/>
      </object_component>
      <object_component id="oc-139">
         <name>.debug_line</name>
         <load_address>0xaed</load_address>
         <run_address>0xaed</run_address>
         <size>0x6c</size>
         <input_file_ref idref="fl-4"/>
      </object_component>
      <object_component id="oc-184">
         <name>.debug_line</name>
         <load_address>0xb59</load_address>
         <run_address>0xb59</run_address>
         <size>0x6c</size>
         <input_file_ref idref="fl-4"/>
      </object_component>
      <object_component id="oc-1c8">
         <name>.debug_line</name>
         <load_address>0xbc5</load_address>
         <run_address>0xbc5</run_address>
         <size>0x68</size>
         <input_file_ref idref="fl-4"/>
      </object_component>
      <object_component id="oc-1d5">
         <name>.debug_line</name>
         <load_address>0xc2d</load_address>
         <run_address>0xc2d</run_address>
         <size>0x20</size>
         <input_file_ref idref="fl-5"/>
      </object_component>
      <object_component id="oc-86">
         <name>.debug_line</name>
         <load_address>0xc4d</load_address>
         <run_address>0xc4d</run_address>
         <size>0xe8</size>
         <input_file_ref idref="fl-5"/>
      </object_component>
      <object_component id="oc-16b">
         <name>.debug_line</name>
         <load_address>0xd35</load_address>
         <run_address>0xd35</run_address>
         <size>0x6c</size>
         <input_file_ref idref="fl-5"/>
      </object_component>
      <object_component id="oc-170">
         <name>.debug_line</name>
         <load_address>0xda1</load_address>
         <run_address>0xda1</run_address>
         <size>0x6f</size>
         <input_file_ref idref="fl-5"/>
      </object_component>
      <object_component id="oc-175">
         <name>.debug_line</name>
         <load_address>0xe10</load_address>
         <run_address>0xe10</run_address>
         <size>0x6c</size>
         <input_file_ref idref="fl-5"/>
      </object_component>
      <object_component id="oc-1d9">
         <name>.debug_line</name>
         <load_address>0xe7c</load_address>
         <run_address>0xe7c</run_address>
         <size>0x6c</size>
         <input_file_ref idref="fl-5"/>
      </object_component>
      <object_component id="oc-11e">
         <name>.debug_line</name>
         <load_address>0xee8</load_address>
         <run_address>0xee8</run_address>
         <size>0x6c</size>
         <input_file_ref idref="fl-5"/>
      </object_component>
      <object_component id="oc-17a">
         <name>.debug_line</name>
         <load_address>0xf54</load_address>
         <run_address>0xf54</run_address>
         <size>0x6c</size>
         <input_file_ref idref="fl-5"/>
      </object_component>
      <object_component id="oc-1a5">
         <name>.debug_line</name>
         <load_address>0xfc0</load_address>
         <run_address>0xfc0</run_address>
         <size>0x71</size>
         <input_file_ref idref="fl-5"/>
      </object_component>
      <object_component id="oc-17f">
         <name>.debug_line</name>
         <load_address>0x1031</load_address>
         <run_address>0x1031</run_address>
         <size>0x6c</size>
         <input_file_ref idref="fl-5"/>
      </object_component>
      <object_component id="oc-134">
         <name>.debug_line</name>
         <load_address>0x109d</load_address>
         <run_address>0x109d</run_address>
         <size>0x6e</size>
         <input_file_ref idref="fl-5"/>
      </object_component>
      <object_component id="oc-198">
         <name>.debug_line</name>
         <load_address>0x110b</load_address>
         <run_address>0x110b</run_address>
         <size>0x6b</size>
         <input_file_ref idref="fl-5"/>
      </object_component>
      <object_component id="oc-18e">
         <name>.debug_line</name>
         <load_address>0x1176</load_address>
         <run_address>0x1176</run_address>
         <size>0x6e</size>
         <input_file_ref idref="fl-5"/>
      </object_component>
      <object_component id="oc-19d">
         <name>.debug_line</name>
         <load_address>0x11e4</load_address>
         <run_address>0x11e4</run_address>
         <size>0x6c</size>
         <input_file_ref idref="fl-5"/>
      </object_component>
      <object_component id="oc-13e">
         <name>.debug_line</name>
         <load_address>0x1250</load_address>
         <run_address>0x1250</run_address>
         <size>0x6f</size>
         <input_file_ref idref="fl-5"/>
      </object_component>
      <object_component id="oc-143">
         <name>.debug_line</name>
         <load_address>0x12bf</load_address>
         <run_address>0x12bf</run_address>
         <size>0x6e</size>
         <input_file_ref idref="fl-5"/>
      </object_component>
      <object_component id="oc-1e1">
         <name>.debug_line</name>
         <load_address>0x132d</load_address>
         <run_address>0x132d</run_address>
         <size>0x20</size>
         <input_file_ref idref="fl-6"/>
      </object_component>
      <object_component id="oc-c4">
         <name>.debug_line</name>
         <load_address>0x134d</load_address>
         <run_address>0x134d</run_address>
         <size>0xb6</size>
         <input_file_ref idref="fl-6"/>
      </object_component>
      <object_component id="oc-189">
         <name>.debug_line</name>
         <load_address>0x1403</load_address>
         <run_address>0x1403</run_address>
         <size>0x6f</size>
         <input_file_ref idref="fl-6"/>
      </object_component>
      <object_component id="oc-1e5">
         <name>.debug_line</name>
         <load_address>0x1472</load_address>
         <run_address>0x1472</run_address>
         <size>0x6b</size>
         <input_file_ref idref="fl-6"/>
      </object_component>
      <object_component id="oc-66">
         <name>.debug_line</name>
         <load_address>0x14dd</load_address>
         <run_address>0x14dd</run_address>
         <size>0x2e4</size>
         <input_file_ref idref="fl-7"/>
      </object_component>
      <object_component id="oc-2c">
         <name>.debug_line</name>
         <load_address>0x17c1</load_address>
         <run_address>0x17c1</run_address>
         <size>0x4f</size>
         <input_file_ref idref="fl-9"/>
      </object_component>
      <object_component id="oc-7e">
         <name>.debug_line</name>
         <load_address>0x1810</load_address>
         <run_address>0x1810</run_address>
         <size>0x4d</size>
         <input_file_ref idref="fl-a"/>
      </object_component>
      <object_component id="oc-216">
         <name>.debug_line</name>
         <load_address>0x185d</load_address>
         <run_address>0x185d</run_address>
         <size>0x20</size>
         <input_file_ref idref="fl-c"/>
      </object_component>
      <object_component id="oc-21a">
         <name>.debug_line</name>
         <load_address>0x187d</load_address>
         <run_address>0x187d</run_address>
         <size>0x6c</size>
         <input_file_ref idref="fl-c"/>
      </object_component>
      <object_component id="oc-193">
         <name>.debug_line</name>
         <load_address>0x18e9</load_address>
         <run_address>0x18e9</run_address>
         <size>0x6c</size>
         <input_file_ref idref="fl-c"/>
      </object_component>
      <object_component id="oc-31">
         <name>.debug_line</name>
         <load_address>0x1955</load_address>
         <run_address>0x1955</run_address>
         <size>0x4b</size>
         <input_file_ref idref="fl-d"/>
      </object_component>
      <object_component id="oc-cc">
         <name>.debug_line</name>
         <load_address>0x19a0</load_address>
         <run_address>0x19a0</run_address>
         <size>0x125</size>
         <input_file_ref idref="fl-f"/>
      </object_component>
      <object_component id="oc-1a1">
         <name>.debug_line</name>
         <load_address>0x1ac5</load_address>
         <run_address>0x1ac5</run_address>
         <size>0x10a</size>
         <input_file_ref idref="fl-10"/>
      </object_component>
      <object_component id="oc-71">
         <name>.debug_line</name>
         <load_address>0x1bcf</load_address>
         <run_address>0x1bcf</run_address>
         <size>0xd30</size>
         <input_file_ref idref="fl-10"/>
      </object_component>
      <object_component id="oc-1d">
         <name>.debug_line</name>
         <load_address>0x28ff</load_address>
         <run_address>0x28ff</run_address>
         <size>0x101</size>
         <input_file_ref idref="fl-11"/>
      </object_component>
      <object_component id="oc-121">
         <name>.debug_line</name>
         <load_address>0x2a00</load_address>
         <run_address>0x2a00</run_address>
         <size>0xb4</size>
         <input_file_ref idref="fl-12"/>
      </object_component>
      <object_component id="oc-89">
         <name>.debug_line</name>
         <load_address>0x2ab4</load_address>
         <run_address>0x2ab4</run_address>
         <size>0x37</size>
         <input_file_ref idref="fl-12"/>
      </object_component>
      <object_component id="oc-38">
         <name>.debug_line</name>
         <load_address>0x2aeb</load_address>
         <run_address>0x2aeb</run_address>
         <size>0x197</size>
         <input_file_ref idref="fl-12"/>
      </object_component>
      <object_component id="oc-3d">
         <name>.debug_line</name>
         <load_address>0x2c82</load_address>
         <run_address>0x2c82</run_address>
         <size>0xa6</size>
         <input_file_ref idref="fl-12"/>
      </object_component>
      <object_component id="oc-14d">
         <name>.debug_line</name>
         <load_address>0x2d28</load_address>
         <run_address>0x2d28</run_address>
         <size>0x37</size>
         <input_file_ref idref="fl-12"/>
      </object_component>
      <object_component id="oc-167">
         <name>.debug_line</name>
         <load_address>0x2d5f</load_address>
         <run_address>0x2d5f</run_address>
         <size>0x109</size>
         <input_file_ref idref="fl-13"/>
      </object_component>
      <object_component id="oc-6b">
         <name>.debug_line</name>
         <load_address>0x2e68</load_address>
         <run_address>0x2e68</run_address>
         <size>0x233</size>
         <input_file_ref idref="fl-13"/>
      </object_component>
      <object_component id="oc-1b9">
         <name>.debug_line</name>
         <load_address>0x309b</load_address>
         <run_address>0x309b</run_address>
         <size>0x51</size>
         <input_file_ref idref="fl-18"/>
      </object_component>
      <object_component id="oc-4e">
         <name>.debug_line</name>
         <load_address>0x30ec</load_address>
         <run_address>0x30ec</run_address>
         <size>0x88</size>
         <input_file_ref idref="fl-19"/>
      </object_component>
      <object_component id="oc-1e9">
         <name>.debug_line</name>
         <load_address>0x3174</load_address>
         <run_address>0x3174</run_address>
         <size>0xb7</size>
         <input_file_ref idref="fl-1a"/>
      </object_component>
      <object_component id="oc-db">
         <name>.debug_line</name>
         <load_address>0x322b</load_address>
         <run_address>0x322b</run_address>
         <size>0x74</size>
         <input_file_ref idref="fl-1a"/>
      </object_component>
      <object_component id="oc-48">
         <name>.debug_line</name>
         <load_address>0x329f</load_address>
         <run_address>0x329f</run_address>
         <size>0x20</size>
         <input_file_ref idref="fl-1a"/>
      </object_component>
      <object_component id="oc-1ed">
         <name>.debug_line</name>
         <load_address>0x32bf</load_address>
         <run_address>0x32bf</run_address>
         <size>0x2e</size>
         <input_file_ref idref="fl-1a"/>
      </object_component>
      <object_component id="oc-21f">
         <name>.debug_line</name>
         <load_address>0x32ed</load_address>
         <run_address>0x32ed</run_address>
         <size>0x92</size>
         <input_file_ref idref="fl-1a"/>
      </object_component>
      <object_component id="oc-1f2">
         <name>.debug_line</name>
         <load_address>0x337f</load_address>
         <run_address>0x337f</run_address>
         <size>0x8f</size>
         <input_file_ref idref="fl-1a"/>
      </object_component>
      <object_component id="oc-1f7">
         <name>.debug_line</name>
         <load_address>0x340e</load_address>
         <run_address>0x340e</run_address>
         <size>0x8b</size>
         <input_file_ref idref="fl-1a"/>
      </object_component>
      <object_component id="oc-10e">
         <name>.debug_line</name>
         <load_address>0x3499</load_address>
         <run_address>0x3499</run_address>
         <size>0x3c</size>
         <input_file_ref idref="fl-1f"/>
      </object_component>
      <object_component id="oc-1ff">
         <name>.debug_line</name>
         <load_address>0x34d5</load_address>
         <run_address>0x34d5</run_address>
         <size>0x37</size>
         <input_file_ref idref="fl-21"/>
      </object_component>
      <object_component id="oc-154">
         <name>.debug_abbrev</name>
         <load_address>0x0</load_address>
         <run_address>0x0</run_address>
         <size>0x36</size>
         <input_file_ref idref="fl-2"/>
      </object_component>
      <object_component id="oc-1a7">
         <name>.debug_abbrev</name>
         <load_address>0x36</load_address>
         <run_address>0x36</run_address>
         <size>0x6f</size>
         <input_file_ref idref="fl-3"/>
      </object_component>
      <object_component id="oc-cf">
         <name>.debug_abbrev</name>
         <load_address>0xa5</load_address>
         <run_address>0xa5</run_address>
         <size>0xc8</size>
         <input_file_ref idref="fl-3"/>
      </object_component>
      <object_component id="oc-8b">
         <name>.debug_abbrev</name>
         <load_address>0x16d</load_address>
         <run_address>0x16d</run_address>
         <size>0x6f</size>
         <input_file_ref idref="fl-3"/>
      </object_component>
      <object_component id="oc-129">
         <name>.debug_abbrev</name>
         <load_address>0x1dc</load_address>
         <run_address>0x1dc</run_address>
         <size>0x69</size>
         <input_file_ref idref="fl-3"/>
      </object_component>
      <object_component id="oc-8e">
         <name>.debug_abbrev</name>
         <load_address>0x245</load_address>
         <run_address>0x245</run_address>
         <size>0x5a</size>
         <input_file_ref idref="fl-3"/>
      </object_component>
      <object_component id="oc-124">
         <name>.debug_abbrev</name>
         <load_address>0x29f</load_address>
         <run_address>0x29f</run_address>
         <size>0x1f</size>
         <input_file_ref idref="fl-3"/>
      </object_component>
      <object_component id="oc-9b">
         <name>.debug_abbrev</name>
         <load_address>0x2be</load_address>
         <run_address>0x2be</run_address>
         <size>0x7c</size>
         <input_file_ref idref="fl-3"/>
      </object_component>
      <object_component id="oc-1dd">
         <name>.debug_abbrev</name>
         <load_address>0x33a</load_address>
         <run_address>0x33a</run_address>
         <size>0x5c</size>
         <input_file_ref idref="fl-3"/>
      </object_component>
      <object_component id="oc-151">
         <name>.debug_abbrev</name>
         <load_address>0x396</load_address>
         <run_address>0x396</run_address>
         <size>0x24</size>
         <input_file_ref idref="fl-3"/>
      </object_component>
      <object_component id="oc-a0">
         <name>.debug_abbrev</name>
         <load_address>0x3ba</load_address>
         <run_address>0x3ba</run_address>
         <size>0x55</size>
         <input_file_ref idref="fl-3"/>
      </object_component>
      <object_component id="oc-12e">
         <name>.debug_abbrev</name>
         <load_address>0x40f</load_address>
         <run_address>0x40f</run_address>
         <size>0x4b</size>
         <input_file_ref idref="fl-3"/>
      </object_component>
      <object_component id="oc-d2">
         <name>.debug_abbrev</name>
         <load_address>0x45a</load_address>
         <run_address>0x45a</run_address>
         <size>0x6b</size>
         <input_file_ref idref="fl-3"/>
      </object_component>
      <object_component id="oc-147">
         <name>.debug_abbrev</name>
         <load_address>0x4c5</load_address>
         <run_address>0x4c5</run_address>
         <size>0x4b</size>
         <input_file_ref idref="fl-3"/>
      </object_component>
      <object_component id="oc-205">
         <name>.debug_abbrev</name>
         <load_address>0x510</load_address>
         <run_address>0x510</run_address>
         <size>0x87</size>
         <input_file_ref idref="fl-4"/>
      </object_component>
      <object_component id="oc-203">
         <name>.debug_abbrev</name>
         <load_address>0x597</load_address>
         <run_address>0x597</run_address>
         <size>0x27</size>
         <input_file_ref idref="fl-4"/>
      </object_component>
      <object_component id="oc-201">
         <name>.debug_abbrev</name>
         <load_address>0x5be</load_address>
         <run_address>0x5be</run_address>
         <size>0x27</size>
         <input_file_ref idref="fl-4"/>
      </object_component>
      <object_component id="oc-1c3">
         <name>.debug_abbrev</name>
         <load_address>0x5e5</load_address>
         <run_address>0x5e5</run_address>
         <size>0xa9</size>
         <input_file_ref idref="fl-4"/>
      </object_component>
      <object_component id="oc-138">
         <name>.debug_abbrev</name>
         <load_address>0x68e</load_address>
         <run_address>0x68e</run_address>
         <size>0x4b</size>
         <input_file_ref idref="fl-4"/>
      </object_component>
      <object_component id="oc-183">
         <name>.debug_abbrev</name>
         <load_address>0x6d9</load_address>
         <run_address>0x6d9</run_address>
         <size>0x5c</size>
         <input_file_ref idref="fl-4"/>
      </object_component>
      <object_component id="oc-1c7">
         <name>.debug_abbrev</name>
         <load_address>0x735</load_address>
         <run_address>0x735</run_address>
         <size>0x6b</size>
         <input_file_ref idref="fl-4"/>
      </object_component>
      <object_component id="oc-1d4">
         <name>.debug_abbrev</name>
         <load_address>0x7a0</load_address>
         <run_address>0x7a0</run_address>
         <size>0x5f</size>
         <input_file_ref idref="fl-5"/>
      </object_component>
      <object_component id="oc-119">
         <name>.debug_abbrev</name>
         <load_address>0x7ff</load_address>
         <run_address>0x7ff</run_address>
         <size>0x6c</size>
         <input_file_ref idref="fl-5"/>
      </object_component>
      <object_component id="oc-16a">
         <name>.debug_abbrev</name>
         <load_address>0x86b</load_address>
         <run_address>0x86b</run_address>
         <size>0x5a</size>
         <input_file_ref idref="fl-5"/>
      </object_component>
      <object_component id="oc-16f">
         <name>.debug_abbrev</name>
         <load_address>0x8c5</load_address>
         <run_address>0x8c5</run_address>
         <size>0x5a</size>
         <input_file_ref idref="fl-5"/>
      </object_component>
      <object_component id="oc-174">
         <name>.debug_abbrev</name>
         <load_address>0x91f</load_address>
         <run_address>0x91f</run_address>
         <size>0x7f</size>
         <input_file_ref idref="fl-5"/>
      </object_component>
      <object_component id="oc-1d8">
         <name>.debug_abbrev</name>
         <load_address>0x99e</load_address>
         <run_address>0x99e</run_address>
         <size>0x5a</size>
         <input_file_ref idref="fl-5"/>
      </object_component>
      <object_component id="oc-11d">
         <name>.debug_abbrev</name>
         <load_address>0x9f8</load_address>
         <run_address>0x9f8</run_address>
         <size>0xe8</size>
         <input_file_ref idref="fl-5"/>
      </object_component>
      <object_component id="oc-179">
         <name>.debug_abbrev</name>
         <load_address>0xae0</load_address>
         <run_address>0xae0</run_address>
         <size>0x4b</size>
         <input_file_ref idref="fl-5"/>
      </object_component>
      <object_component id="oc-1a4">
         <name>.debug_abbrev</name>
         <load_address>0xb2b</load_address>
         <run_address>0xb2b</run_address>
         <size>0xc1</size>
         <input_file_ref idref="fl-5"/>
      </object_component>
      <object_component id="oc-17e">
         <name>.debug_abbrev</name>
         <load_address>0xbec</load_address>
         <run_address>0xbec</run_address>
         <size>0x4b</size>
         <input_file_ref idref="fl-5"/>
      </object_component>
      <object_component id="oc-133">
         <name>.debug_abbrev</name>
         <load_address>0xc37</load_address>
         <run_address>0xc37</run_address>
         <size>0x4b</size>
         <input_file_ref idref="fl-5"/>
      </object_component>
      <object_component id="oc-197">
         <name>.debug_abbrev</name>
         <load_address>0xc82</load_address>
         <run_address>0xc82</run_address>
         <size>0xb2</size>
         <input_file_ref idref="fl-5"/>
      </object_component>
      <object_component id="oc-18d">
         <name>.debug_abbrev</name>
         <load_address>0xd34</load_address>
         <run_address>0xd34</run_address>
         <size>0x4b</size>
         <input_file_ref idref="fl-5"/>
      </object_component>
      <object_component id="oc-19c">
         <name>.debug_abbrev</name>
         <load_address>0xd7f</load_address>
         <run_address>0xd7f</run_address>
         <size>0x4b</size>
         <input_file_ref idref="fl-5"/>
      </object_component>
      <object_component id="oc-13d">
         <name>.debug_abbrev</name>
         <load_address>0xdca</load_address>
         <run_address>0xdca</run_address>
         <size>0x5c</size>
         <input_file_ref idref="fl-5"/>
      </object_component>
      <object_component id="oc-142">
         <name>.debug_abbrev</name>
         <load_address>0xe26</load_address>
         <run_address>0xe26</run_address>
         <size>0x4b</size>
         <input_file_ref idref="fl-5"/>
      </object_component>
      <object_component id="oc-1e0">
         <name>.debug_abbrev</name>
         <load_address>0xe71</load_address>
         <run_address>0xe71</run_address>
         <size>0x42</size>
         <input_file_ref idref="fl-6"/>
      </object_component>
      <object_component id="oc-164">
         <name>.debug_abbrev</name>
         <load_address>0xeb3</load_address>
         <run_address>0xeb3</run_address>
         <size>0x6c</size>
         <input_file_ref idref="fl-6"/>
      </object_component>
      <object_component id="oc-188">
         <name>.debug_abbrev</name>
         <load_address>0xf1f</load_address>
         <run_address>0xf1f</run_address>
         <size>0x4b</size>
         <input_file_ref idref="fl-6"/>
      </object_component>
      <object_component id="oc-1e4">
         <name>.debug_abbrev</name>
         <load_address>0xf6a</load_address>
         <run_address>0xf6a</run_address>
         <size>0x4b</size>
         <input_file_ref idref="fl-6"/>
      </object_component>
      <object_component id="oc-bf">
         <name>.debug_abbrev</name>
         <load_address>0xfb5</load_address>
         <run_address>0xfb5</run_address>
         <size>0x44</size>
         <input_file_ref idref="fl-7"/>
      </object_component>
      <object_component id="oc-96">
         <name>.debug_abbrev</name>
         <load_address>0xff9</load_address>
         <run_address>0xff9</run_address>
         <size>0x38</size>
         <input_file_ref idref="fl-9"/>
      </object_component>
      <object_component id="oc-10c">
         <name>.debug_abbrev</name>
         <load_address>0x1031</load_address>
         <run_address>0x1031</run_address>
         <size>0x52</size>
         <input_file_ref idref="fl-a"/>
      </object_component>
      <object_component id="oc-215">
         <name>.debug_abbrev</name>
         <load_address>0x1083</load_address>
         <run_address>0x1083</run_address>
         <size>0x42</size>
         <input_file_ref idref="fl-c"/>
      </object_component>
      <object_component id="oc-219">
         <name>.debug_abbrev</name>
         <load_address>0x10c5</load_address>
         <run_address>0x10c5</run_address>
         <size>0x72</size>
         <input_file_ref idref="fl-c"/>
      </object_component>
      <object_component id="oc-192">
         <name>.debug_abbrev</name>
         <load_address>0x1137</load_address>
         <run_address>0x1137</run_address>
         <size>0x4b</size>
         <input_file_ref idref="fl-c"/>
      </object_component>
      <object_component id="oc-97">
         <name>.debug_abbrev</name>
         <load_address>0x1182</load_address>
         <run_address>0x1182</run_address>
         <size>0x53</size>
         <input_file_ref idref="fl-d"/>
      </object_component>
      <object_component id="oc-19f">
         <name>.debug_abbrev</name>
         <load_address>0x11d5</load_address>
         <run_address>0x11d5</run_address>
         <size>0x36</size>
         <input_file_ref idref="fl-f"/>
      </object_component>
      <object_component id="oc-1a0">
         <name>.debug_abbrev</name>
         <load_address>0x120b</load_address>
         <run_address>0x120b</run_address>
         <size>0xa6</size>
         <input_file_ref idref="fl-10"/>
      </object_component>
      <object_component id="oc-cd">
         <name>.debug_abbrev</name>
         <load_address>0x12b1</load_address>
         <run_address>0x12b1</run_address>
         <size>0x101</size>
         <input_file_ref idref="fl-10"/>
      </object_component>
      <object_component id="oc-81">
         <name>.debug_abbrev</name>
         <load_address>0x13b2</load_address>
         <run_address>0x13b2</run_address>
         <size>0x55</size>
         <input_file_ref idref="fl-11"/>
      </object_component>
      <object_component id="oc-120">
         <name>.debug_abbrev</name>
         <load_address>0x1407</load_address>
         <run_address>0x1407</run_address>
         <size>0xa4</size>
         <input_file_ref idref="fl-12"/>
      </object_component>
      <object_component id="oc-88">
         <name>.debug_abbrev</name>
         <load_address>0x14ab</load_address>
         <run_address>0x14ab</run_address>
         <size>0x27</size>
         <input_file_ref idref="fl-12"/>
      </object_component>
      <object_component id="oc-98">
         <name>.debug_abbrev</name>
         <load_address>0x14d2</load_address>
         <run_address>0x14d2</run_address>
         <size>0xa4</size>
         <input_file_ref idref="fl-12"/>
      </object_component>
      <object_component id="oc-a3">
         <name>.debug_abbrev</name>
         <load_address>0x1576</load_address>
         <run_address>0x1576</run_address>
         <size>0x6f</size>
         <input_file_ref idref="fl-12"/>
      </object_component>
      <object_component id="oc-14c">
         <name>.debug_abbrev</name>
         <load_address>0x15e5</load_address>
         <run_address>0x15e5</run_address>
         <size>0x4b</size>
         <input_file_ref idref="fl-12"/>
      </object_component>
      <object_component id="oc-166">
         <name>.debug_abbrev</name>
         <load_address>0x1630</load_address>
         <run_address>0x1630</run_address>
         <size>0xba</size>
         <input_file_ref idref="fl-13"/>
      </object_component>
      <object_component id="oc-c6">
         <name>.debug_abbrev</name>
         <load_address>0x16ea</load_address>
         <run_address>0x16ea</run_address>
         <size>0xd4</size>
         <input_file_ref idref="fl-13"/>
      </object_component>
      <object_component id="oc-200">
         <name>.debug_abbrev</name>
         <load_address>0x17be</load_address>
         <run_address>0x17be</run_address>
         <size>0x4c</size>
         <input_file_ref idref="fl-18"/>
      </object_component>
      <object_component id="oc-aa">
         <name>.debug_abbrev</name>
         <load_address>0x180a</load_address>
         <run_address>0x180a</run_address>
         <size>0x3e</size>
         <input_file_ref idref="fl-19"/>
      </object_component>
      <object_component id="oc-1e8">
         <name>.debug_abbrev</name>
         <load_address>0x1848</load_address>
         <run_address>0x1848</run_address>
         <size>0xdb</size>
         <input_file_ref idref="fl-1a"/>
      </object_component>
      <object_component id="oc-1a9">
         <name>.debug_abbrev</name>
         <load_address>0x1923</load_address>
         <run_address>0x1923</run_address>
         <size>0x7e</size>
         <input_file_ref idref="fl-1a"/>
      </object_component>
      <object_component id="oc-47">
         <name>.debug_abbrev</name>
         <load_address>0x19a1</load_address>
         <run_address>0x19a1</run_address>
         <size>0x1f</size>
         <input_file_ref idref="fl-1a"/>
      </object_component>
      <object_component id="oc-1ec">
         <name>.debug_abbrev</name>
         <load_address>0x19c0</load_address>
         <run_address>0x19c0</run_address>
         <size>0x24</size>
         <input_file_ref idref="fl-1a"/>
      </object_component>
      <object_component id="oc-21e">
         <name>.debug_abbrev</name>
         <load_address>0x19e4</load_address>
         <run_address>0x19e4</run_address>
         <size>0x24</size>
         <input_file_ref idref="fl-1a"/>
      </object_component>
      <object_component id="oc-1f1">
         <name>.debug_abbrev</name>
         <load_address>0x1a08</load_address>
         <run_address>0x1a08</run_address>
         <size>0x24</size>
         <input_file_ref idref="fl-1a"/>
      </object_component>
      <object_component id="oc-1f6">
         <name>.debug_abbrev</name>
         <load_address>0x1a2c</load_address>
         <run_address>0x1a2c</run_address>
         <size>0x4b</size>
         <input_file_ref idref="fl-1a"/>
      </object_component>
      <object_component id="oc-1ca">
         <name>.debug_abbrev</name>
         <load_address>0x1a77</load_address>
         <run_address>0x1a77</run_address>
         <size>0x45</size>
         <input_file_ref idref="fl-1f"/>
      </object_component>
      <object_component id="oc-228">
         <name>.debug_abbrev</name>
         <load_address>0x1abc</load_address>
         <run_address>0x1abc</run_address>
         <size>0x38</size>
         <input_file_ref idref="fl-21"/>
      </object_component>
      <object_component id="oc-250">
         <name>.debug_abbrev</name>
         <load_address>0x1af4</load_address>
         <run_address>0x1af4</run_address>
         <size>0xf</size>
      </object_component>
      <object_component id="oc-93">
         <name>.debug_aranges</name>
         <load_address>0x0</load_address>
         <run_address>0x0</run_address>
         <size>0x20</size>
         <input_file_ref idref="fl-2"/>
      </object_component>
      <object_component id="oc-75">
         <name>.debug_aranges</name>
         <load_address>0x20</load_address>
         <run_address>0x20</run_address>
         <size>0xa0</size>
         <input_file_ref idref="fl-3"/>
      </object_component>
      <object_component id="oc-24">
         <name>.debug_aranges</name>
         <load_address>0xc0</load_address>
         <run_address>0xc0</run_address>
         <size>0x20</size>
         <input_file_ref idref="fl-3"/>
      </object_component>
      <object_component id="oc-108">
         <name>.debug_aranges</name>
         <load_address>0xe0</load_address>
         <run_address>0xe0</run_address>
         <size>0x98</size>
         <input_file_ref idref="fl-4"/>
      </object_component>
      <object_component id="oc-84">
         <name>.debug_aranges</name>
         <load_address>0x178</load_address>
         <run_address>0x178</run_address>
         <size>0x58</size>
         <input_file_ref idref="fl-5"/>
      </object_component>
      <object_component id="oc-c2">
         <name>.debug_aranges</name>
         <load_address>0x1d0</load_address>
         <run_address>0x1d0</run_address>
         <size>0x28</size>
         <input_file_ref idref="fl-6"/>
      </object_component>
      <object_component id="oc-64">
         <name>.debug_aranges</name>
         <load_address>0x1f8</load_address>
         <run_address>0x1f8</run_address>
         <size>0x110</size>
         <input_file_ref idref="fl-7"/>
      </object_component>
      <object_component id="oc-2a">
         <name>.debug_aranges</name>
         <load_address>0x308</load_address>
         <run_address>0x308</run_address>
         <size>0x20</size>
         <input_file_ref idref="fl-9"/>
      </object_component>
      <object_component id="oc-7b">
         <name>.debug_aranges</name>
         <load_address>0x328</load_address>
         <run_address>0x328</run_address>
         <size>0x20</size>
         <input_file_ref idref="fl-a"/>
      </object_component>
      <object_component id="oc-2f">
         <name>.debug_aranges</name>
         <load_address>0x348</load_address>
         <run_address>0x348</run_address>
         <size>0x20</size>
         <input_file_ref idref="fl-d"/>
      </object_component>
      <object_component id="oc-ca">
         <name>.debug_aranges</name>
         <load_address>0x368</load_address>
         <run_address>0x368</run_address>
         <size>0x78</size>
         <input_file_ref idref="fl-f"/>
      </object_component>
      <object_component id="oc-6f">
         <name>.debug_aranges</name>
         <load_address>0x3e0</load_address>
         <run_address>0x3e0</run_address>
         <size>0x1c0</size>
         <input_file_ref idref="fl-10"/>
      </object_component>
      <object_component id="oc-1b">
         <name>.debug_aranges</name>
         <load_address>0x5a0</load_address>
         <run_address>0x5a0</run_address>
         <size>0x20</size>
         <input_file_ref idref="fl-11"/>
      </object_component>
      <object_component id="oc-36">
         <name>.debug_aranges</name>
         <load_address>0x5c0</load_address>
         <run_address>0x5c0</run_address>
         <size>0x40</size>
         <input_file_ref idref="fl-12"/>
      </object_component>
      <object_component id="oc-3b">
         <name>.debug_aranges</name>
         <load_address>0x600</load_address>
         <run_address>0x600</run_address>
         <size>0x20</size>
         <input_file_ref idref="fl-12"/>
      </object_component>
      <object_component id="oc-69">
         <name>.debug_aranges</name>
         <load_address>0x620</load_address>
         <run_address>0x620</run_address>
         <size>0x68</size>
         <input_file_ref idref="fl-13"/>
      </object_component>
      <object_component id="oc-1bc">
         <name>.debug_aranges</name>
         <load_address>0x688</load_address>
         <run_address>0x688</run_address>
         <size>0x20</size>
         <input_file_ref idref="fl-18"/>
      </object_component>
      <object_component id="oc-4d">
         <name>.debug_aranges</name>
         <load_address>0x6a8</load_address>
         <run_address>0x6a8</run_address>
         <size>0x20</size>
         <input_file_ref idref="fl-19"/>
      </object_component>
      <object_component id="oc-d8">
         <name>.debug_aranges</name>
         <load_address>0x6c8</load_address>
         <run_address>0x6c8</run_address>
         <size>0x20</size>
         <input_file_ref idref="fl-1a"/>
      </object_component>
      <object_component id="oc-10f">
         <name>.debug_aranges</name>
         <load_address>0x6e8</load_address>
         <run_address>0x6e8</run_address>
         <size>0x20</size>
         <input_file_ref idref="fl-1f"/>
      </object_component>
      <object_component id="oc-1fe">
         <name>.debug_aranges</name>
         <load_address>0x708</load_address>
         <run_address>0x708</run_address>
         <size>0x20</size>
         <input_file_ref idref="fl-21"/>
      </object_component>
      <object_component id="oc-94">
         <name>.debug_pubnames</name>
         <load_address>0x0</load_address>
         <run_address>0x0</run_address>
         <size>0x34</size>
         <input_file_ref idref="fl-2"/>
      </object_component>
      <object_component id="oc-76">
         <name>.debug_pubnames</name>
         <load_address>0x34</load_address>
         <run_address>0x34</run_address>
         <size>0x188</size>
         <input_file_ref idref="fl-3"/>
      </object_component>
      <object_component id="oc-25">
         <name>.debug_pubnames</name>
         <load_address>0x1bc</load_address>
         <run_address>0x1bc</run_address>
         <size>0x27</size>
         <input_file_ref idref="fl-3"/>
      </object_component>
      <object_component id="oc-1c2">
         <name>.debug_pubnames</name>
         <load_address>0x1e3</load_address>
         <run_address>0x1e3</run_address>
         <size>0x28</size>
         <input_file_ref idref="fl-4"/>
      </object_component>
      <object_component id="oc-1bf">
         <name>.debug_pubnames</name>
         <load_address>0x20b</load_address>
         <run_address>0x20b</run_address>
         <size>0x22</size>
         <input_file_ref idref="fl-4"/>
      </object_component>
      <object_component id="oc-109">
         <name>.debug_pubnames</name>
         <load_address>0x22d</load_address>
         <run_address>0x22d</run_address>
         <size>0x14e</size>
         <input_file_ref idref="fl-4"/>
      </object_component>
      <object_component id="oc-85">
         <name>.debug_pubnames</name>
         <load_address>0x37b</load_address>
         <run_address>0x37b</run_address>
         <size>0xe5</size>
         <input_file_ref idref="fl-5"/>
      </object_component>
      <object_component id="oc-c3">
         <name>.debug_pubnames</name>
         <load_address>0x460</load_address>
         <run_address>0x460</run_address>
         <size>0x37</size>
         <input_file_ref idref="fl-6"/>
      </object_component>
      <object_component id="oc-65">
         <name>.debug_pubnames</name>
         <load_address>0x497</load_address>
         <run_address>0x497</run_address>
         <size>0x48c</size>
         <input_file_ref idref="fl-7"/>
      </object_component>
      <object_component id="oc-2b">
         <name>.debug_pubnames</name>
         <load_address>0x923</load_address>
         <run_address>0x923</run_address>
         <size>0x38</size>
         <input_file_ref idref="fl-9"/>
      </object_component>
      <object_component id="oc-7d">
         <name>.debug_pubnames</name>
         <load_address>0x95b</load_address>
         <run_address>0x95b</run_address>
         <size>0x1b</size>
         <input_file_ref idref="fl-a"/>
      </object_component>
      <object_component id="oc-30">
         <name>.debug_pubnames</name>
         <load_address>0x976</load_address>
         <run_address>0x976</run_address>
         <size>0x27</size>
         <input_file_ref idref="fl-d"/>
      </object_component>
      <object_component id="oc-cb">
         <name>.debug_pubnames</name>
         <load_address>0x99d</load_address>
         <run_address>0x99d</run_address>
         <size>0x1be</size>
         <input_file_ref idref="fl-f"/>
      </object_component>
      <object_component id="oc-70">
         <name>.debug_pubnames</name>
         <load_address>0xb5b</load_address>
         <run_address>0xb5b</run_address>
         <size>0x422</size>
         <input_file_ref idref="fl-10"/>
      </object_component>
      <object_component id="oc-1c">
         <name>.debug_pubnames</name>
         <load_address>0xf7d</load_address>
         <run_address>0xf7d</run_address>
         <size>0x1f</size>
         <input_file_ref idref="fl-11"/>
      </object_component>
      <object_component id="oc-22">
         <name>.debug_pubnames</name>
         <load_address>0xf9c</load_address>
         <run_address>0xf9c</run_address>
         <size>0x21</size>
         <input_file_ref idref="fl-12"/>
      </object_component>
      <object_component id="oc-37">
         <name>.debug_pubnames</name>
         <load_address>0xfbd</load_address>
         <run_address>0xfbd</run_address>
         <size>0x75</size>
         <input_file_ref idref="fl-12"/>
      </object_component>
      <object_component id="oc-3c">
         <name>.debug_pubnames</name>
         <load_address>0x1032</load_address>
         <run_address>0x1032</run_address>
         <size>0x2c</size>
         <input_file_ref idref="fl-12"/>
      </object_component>
      <object_component id="oc-6a">
         <name>.debug_pubnames</name>
         <load_address>0x105e</load_address>
         <run_address>0x105e</run_address>
         <size>0xc5</size>
         <input_file_ref idref="fl-13"/>
      </object_component>
      <object_component id="oc-1bb">
         <name>.debug_pubnames</name>
         <load_address>0x1123</load_address>
         <run_address>0x1123</run_address>
         <size>0x27</size>
         <input_file_ref idref="fl-18"/>
      </object_component>
      <object_component id="oc-4c">
         <name>.debug_pubnames</name>
         <load_address>0x114a</load_address>
         <run_address>0x114a</run_address>
         <size>0x1d</size>
         <input_file_ref idref="fl-19"/>
      </object_component>
      <object_component id="oc-da">
         <name>.debug_pubnames</name>
         <load_address>0x1167</load_address>
         <run_address>0x1167</run_address>
         <size>0x35</size>
         <input_file_ref idref="fl-1a"/>
      </object_component>
      <object_component id="oc-112">
         <name>.debug_pubnames</name>
         <load_address>0x119c</load_address>
         <run_address>0x119c</run_address>
         <size>0x1c</size>
         <input_file_ref idref="fl-1f"/>
      </object_component>
      <object_component id="oc-1fd">
         <name>.debug_pubnames</name>
         <load_address>0x11b8</load_address>
         <run_address>0x11b8</run_address>
         <size>0x27</size>
         <input_file_ref idref="fl-21"/>
      </object_component>
      <object_component id="oc-78">
         <name>.debug_frame</name>
         <load_address>0x0</load_address>
         <run_address>0x0</run_address>
         <size>0x1cc</size>
         <input_file_ref idref="fl-3"/>
      </object_component>
      <object_component id="oc-27">
         <name>.debug_frame</name>
         <load_address>0x1cc</load_address>
         <run_address>0x1cc</run_address>
         <size>0xb0</size>
         <input_file_ref idref="fl-3"/>
      </object_component>
      <object_component id="oc-10b">
         <name>.debug_frame</name>
         <load_address>0x27c</load_address>
         <run_address>0x27c</run_address>
         <size>0x1e8</size>
         <input_file_ref idref="fl-4"/>
      </object_component>
      <object_component id="oc-87">
         <name>.debug_frame</name>
         <load_address>0x464</load_address>
         <run_address>0x464</run_address>
         <size>0x100</size>
         <input_file_ref idref="fl-5"/>
      </object_component>
      <object_component id="oc-c5">
         <name>.debug_frame</name>
         <load_address>0x564</load_address>
         <run_address>0x564</run_address>
         <size>0x74</size>
         <input_file_ref idref="fl-6"/>
      </object_component>
      <object_component id="oc-7f">
         <name>.debug_frame</name>
         <load_address>0x5d8</load_address>
         <run_address>0x5d8</run_address>
         <size>0x58</size>
         <input_file_ref idref="fl-a"/>
      </object_component>
      <object_component id="oc-32">
         <name>.debug_frame</name>
         <load_address>0x630</load_address>
         <run_address>0x630</run_address>
         <size>0x54</size>
         <input_file_ref idref="fl-d"/>
      </object_component>
      <object_component id="oc-72">
         <name>.debug_frame</name>
         <load_address>0x684</load_address>
         <run_address>0x684</run_address>
         <size>0x5ac</size>
         <input_file_ref idref="fl-10"/>
      </object_component>
      <object_component id="oc-1e">
         <name>.debug_frame</name>
         <load_address>0xc30</load_address>
         <run_address>0xc30</run_address>
         <size>0x50</size>
         <input_file_ref idref="fl-11"/>
      </object_component>
      <object_component id="oc-39">
         <name>.debug_frame</name>
         <load_address>0xc80</load_address>
         <run_address>0xc80</run_address>
         <size>0xbc</size>
         <input_file_ref idref="fl-12"/>
      </object_component>
      <object_component id="oc-3e">
         <name>.debug_frame</name>
[...]
         <object_component_ref idref="oc-62"/>
      </symbol>
      <symbol id="sm-209">
         <name>_coreClearInstructionFaultAddress_</name>
         <value>0x57e0</value>
         <object_component_ref idref="oc-62"/>
      </symbol>
      <symbol id="sm-20a">
         <name>_errata_CORTEXR4_66_</name>
         <value>0x58cc</value>
         <object_component_ref idref="oc-62"/>
      </symbol>
      <symbol id="sm-20b">
         <name>_coreEnableRamEcc_</name>
         <value>0x5748</value>
         <object_component_ref idref="oc-62"/>
      </symbol>
      <symbol id="sm-20c">
         <name>_coreClearDataFault_</name>
         <value>0x57a4</value>
         <object_component_ref idref="oc-62"/>
      </symbol>
      <symbol id="sm-20d">
         <name>_coreGetAuxiliaryDataFault_</name>
         <value>0x57ec</value>
         <object_component_ref idref="oc-62"/>
      </symbol>
      <symbol id="sm-20e">
         <name>_enable_interrupt_</name>
         <value>0x582c</value>
         <object_component_ref idref="oc-62"/>
      </symbol>
      <symbol id="sm-20f">
         <name>_coreClearAuxiliaryInstructionFault_</name>
         <value>0x5808</value>
         <object_component_ref idref="oc-62"/>
      </symbol>
      <symbol id="sm-210">
         <name>_coreDisableRamEcc_</name>
         <value>0x5758</value>
         <object_component_ref idref="oc-62"/>
      </symbol>
      <symbol id="sm-211">
         <name>_coreGetDataFaultAddress_</name>
         <value>0x57c4</value>
         <object_component_ref idref="oc-62"/>
      </symbol>
      <symbol id="sm-212">
         <name>_coreClearInstructionFault_</name>
         <value>0x57b8</value>
         <object_component_ref idref="oc-62"/>
      </symbol>
      <symbol id="sm-213">
         <name>_getCPSRValue_</name>
         <value>0x56f0</value>
         <object_component_ref idref="oc-62"/>
      </symbol>
      <symbol id="sm-214">
         <name>__TI_PINIT_Limit</name>
         <value>0x58e0</value>
         <object_component_ref idref="oc-62"/>
      </symbol>
      <symbol id="sm-215">
         <name>_coreEnableFlashEcc_</name>
         <value>0x5768</value>
         <object_component_ref idref="oc-62"/>
      </symbol>
      <symbol id="sm-216">
         <name>_disable_FIQ_interrupt_</name>
         <value>0x581c</value>
         <object_component_ref idref="oc-62"/>
      </symbol>
      <symbol id="sm-217">
         <name>_coreGetAuxiliaryInstructionFault_</name>
         <value>0x5800</value>
         <object_component_ref idref="oc-62"/>
      </symbol>
      <symbol id="sm-218">
         <name>_coreInitStackPointer_</name>
         <value>0x56a4</value>
         <object_component_ref idref="oc-62"/>
      </symbol>
      <symbol id="sm-219">
         <name>_esmCcmErrorsClear_</name>
         <value>0x5834</value>
         <object_component_ref idref="oc-62"/>
      </symbol>
      <symbol id="sm-21a">
         <name>_gotoCPUIdle_</name>
         <value>0x56f8</value>
         <object_component_ref idref="oc-62"/>
      </symbol>
      <symbol id="sm-21b">
         <name>_coreEnableIrqVicOffset_</name>
         <value>0x578c</value>
         <object_component_ref idref="oc-62"/>
      </symbol>
      <symbol id="sm-21c">
         <name>_coreGetInstructionFault_</name>
         <value>0x57b0</value>
         <object_component_ref idref="oc-62"/>
      </symbol>
      <symbol id="sm-21d">
         <name>_coreEnableVfp_</name>
         <value>0x5710</value>
         <object_component_ref idref="oc-62"/>
      </symbol>
      <symbol id="sm-21e">
         <name>_coreClearAuxiliaryDataFault_</name>
         <value>0x57f4</value>
         <object_component_ref idref="oc-62"/>
      </symbol>
      <symbol id="sm-21f">
         <name>_coreEnableEventBusExport_</name>
         <value>0x5728</value>
         <object_component_ref idref="oc-62"/>
      </symbol>
      <symbol id="sm-22c">
         <name>resetEntry</name>
         <value>0x0</value>
         <object_component_ref idref="oc-28"/>
      </symbol>
      <symbol id="sm-237">
         <name>main</name>
         <value>0x62c4</value>
         <object_component_ref idref="oc-7a"/>
      </symbol>
      <symbol id="sm-250">
         <name>phantomInterrupt</name>
         <value>0x62d4</value>
         <object_component_ref idref="oc-2d"/>
      </symbol>
      <symbol id="sm-25a">
         <name>_pmuResetCounters_</name>
         <value>0x6094</value>
         <object_component_ref idref="oc-c8"/>
      </symbol>
      <symbol id="sm-25b">
         <name>_pmuGetEventCount_</name>
         <value>0x60c8</value>
         <object_component_ref idref="oc-c8"/>
      </symbol>
      <symbol id="sm-25c">
         <name>_pmuResetEventCounters_</name>
         <value>0x6084</value>
         <object_component_ref idref="oc-c8"/>
      </symbol>
      <symbol id="sm-25d">
         <name>_pmuStopCounters_</name>
         <value>0x60ac</value>
         <object_component_ref idref="oc-c8"/>
      </symbol>
      <symbol id="sm-25e">
         <name>_pmuInit_</name>
         <value>0x6008</value>
         <object_component_ref idref="oc-c8"/>
      </symbol>
      <symbol id="sm-25f">
         <name>_pmuGetOverflow_</name>
         <value>0x60d4</value>
         <object_component_ref idref="oc-c8"/>
      </symbol>
      <symbol id="sm-260">
         <name>_pmuResetCycleCounter_</name>
         <value>0x6074</value>
         <object_component_ref idref="oc-c8"/>
      </symbol>
      <symbol id="sm-261">
         <name>_pmuSetCountEvent_</name>
         <value>0x60b4</value>
         <object_component_ref idref="oc-c8"/>
      </symbol>
      <symbol id="sm-262">
         <name>_pmuGetCycleCount_</name>
         <value>0x60c0</value>
         <object_component_ref idref="oc-c8"/>
      </symbol>
      <symbol id="sm-263">
         <name>_pmuEnableCountersGlobal_</name>
         <value>0x6054</value>
         <object_component_ref idref="oc-c8"/>
      </symbol>
      <symbol id="sm-264">
         <name>_pmuDisableCountersGlobal_</name>
         <value>0x6064</value>
         <object_component_ref idref="oc-c8"/>
      </symbol>
      <symbol id="sm-265">
         <name>_pmuStartCounters_</name>
         <value>0x60a4</value>
         <object_component_ref idref="oc-c8"/>
      </symbol>
      <symbol id="sm-425">
         <name>pbistSelfCheck</name>
         <value>0x2cc</value>
         <object_component_ref idref="oc-6d"/>
      </symbol>
      <symbol id="sm-426">
         <name>fmcBus1ParityCheck</name>
         <value>0x22c4</value>
         <object_component_ref idref="oc-6d"/>
      </symbol>
      <symbol id="sm-427">
         <name>can1ParityCheck</name>
         <value>0x1410</value>
         <object_component_ref idref="oc-6d"/>
      </symbol>
      <symbol id="sm-428">
         <name>enableParity</name>
         <value>0x2ad0</value>
         <object_component_ref idref="oc-6d"/>
      </symbol>
      <symbol id="sm-429">
         <name>dmaParityCheck</name>
         <value>0xeac</value>
         <object_component_ref idref="oc-6d"/>
      </symbol>
      <symbol id="sm-42a">
         <name>custom_dabort</name>
         <value>0xdf4</value>
         <object_component_ref idref="oc-6d"/>
      </symbol>
      <symbol id="sm-42b">
         <name>memoryInit</name>
         <value>0x174</value>
         <object_component_ref idref="oc-6d"/>
      </symbol>
      <symbol id="sm-42c">
         <name>stcSelfCheck</name>
         <value>0x1b8</value>
         <object_component_ref idref="oc-6d"/>
      </symbol>
      <symbol id="sm-42d">
         <name>efcGetConfigValue</name>
         <value>0x2660</value>
         <object_component_ref idref="oc-6d"/>
      </symbol>
      <symbol id="sm-42e">
         <name>can2ParityCheck</name>
         <value>0x14e8</value>
         <object_component_ref idref="oc-6d"/>
      </symbol>
      <symbol id="sm-42f">
         <name>het1ParityCheck</name>
         <value>0xf58</value>
         <object_component_ref idref="oc-6d"/>
      </symbol>
      <symbol id="sm-430">
         <name>adc1ParityCheck</name>
         <value>0x126c</value>
         <object_component_ref idref="oc-6d"/>
      </symbol>
      <symbol id="sm-431">
         <name>checkefcSelfTest</name>
         <value>0x7bc</value>
         <object_component_ref idref="oc-6d"/>
      </symbol>
      <symbol id="sm-432">
         <name>checkRAMECC</name>
         <value>0x19d0</value>
         <object_component_ref idref="oc-6d"/>
      </symbol>
      <symbol id="sm-433">
         <name>stcSelfCheckFail</name>
         <value>0xdf8</value>
         <object_component_ref idref="oc-6d"/>
      </symbol>
      <symbol id="sm-434">
         <name>ccmSelfCheck</name>
         <value>0x30</value>
         <object_component_ref idref="oc-6d"/>
      </symbol>
      <symbol id="sm-435">
         <name>efcCheck</name>
         <value>0x660</value>
         <object_component_ref idref="oc-6d"/>
      </symbol>
      <symbol id="sm-436">
         <name>het2ParityCheck</name>
         <value>0x10c0</value>
         <object_component_ref idref="oc-6d"/>
      </symbol>
      <symbol id="sm-437">
         <name>adc2ParityCheck</name>
         <value>0x1358</value>
         <object_component_ref idref="oc-6d"/>
      </symbol>
      <symbol id="sm-438">
         <name>cpuSelfTest</name>
         <value>0x234</value>
         <object_component_ref idref="oc-6d"/>
      </symbol>
      <symbol id="sm-439">
         <name>htu1ParityCheck</name>
         <value>0x1004</value>
         <object_component_ref idref="oc-6d"/>
      </symbol>
      <symbol id="sm-43a">
         <name>checkFlashECC</name>
         <value>0xd18</value>
         <object_component_ref idref="oc-6d"/>
      </symbol>
      <symbol id="sm-43b">
         <name>cpuSelfTestFail</name>
         <value>0xdfc</value>
         <object_component_ref idref="oc-6d"/>
      </symbol>
      <symbol id="sm-43c">
         <name>checkPLL1Slip</name>
         <value>0x1e8c</value>
         <object_component_ref idref="oc-6d"/>
      </symbol>
      <symbol id="sm-43d">
         <name>mibspi1ParityCheck</name>
         <value>0x1684</value>
         <object_component_ref idref="oc-6d"/>
      </symbol>
      <symbol id="sm-43e">
         <name>ccmr4GetConfigValue</name>
         <value>0x26fc</value>
         <object_component_ref idref="oc-6d"/>
      </symbol>
      <symbol id="sm-43f">
         <name>htu2ParityCheck</name>
         <value>0x11bc</value>
         <object_component_ref idref="oc-6d"/>
      </symbol>
      <symbol id="sm-440">
         <name>pbistPortTestStatus</name>
         <value>0x608</value>
         <object_component_ref idref="oc-6d"/>
      </symbol>
      <symbol id="sm-441">
         <name>checkFlashEEPROMECC</name>
         <value>0x1cf4</value>
         <object_component_ref idref="oc-6d"/>
      </symbol>
      <symbol id="sm-442">
         <name>pbistGetConfigValue</name>
         <value>0x2470</value>
         <object_component_ref idref="oc-6d"/>
      </symbol>
      <symbol id="sm-443">
         <name>vimParityCheck</name>
         <value>0xe00</value>
         <object_component_ref idref="oc-6d"/>
      </symbol>
      <symbol id="sm-444">
         <name>pbistIsTestCompleted</name>
         <value>0x5a8</value>
         <object_component_ref idref="oc-6d"/>
      </symbol>
      <symbol id="sm-445">
         <name>disableParity</name>
         <value>0x2b58</value>
         <object_component_ref idref="oc-6d"/>
      </symbol>
      <symbol id="sm-446">
         <name>pbistRun</name>
         <value>0x4ac</value>
         <object_component_ref idref="oc-6d"/>
      </symbol>
      <symbol id="sm-447">
         <name>pbistFail</name>
         <value>0x23ec</value>
         <object_component_ref idref="oc-6d"/>
      </symbol>
      <symbol id="sm-448">
         <name>selftestFailNotification</name>
         <value>0x20</value>
         <object_component_ref idref="oc-6d"/>
      </symbol>
      <symbol id="sm-449">
         <name>errata_PBIST_4</name>
         <value>0x276c</value>
         <object_component_ref idref="oc-6d"/>
      </symbol>
      <symbol id="sm-44a">
         <name>mibspi3ParityCheck</name>
         <value>0x178c</value>
         <object_component_ref idref="oc-6d"/>
      </symbol>
      <symbol id="sm-44b">
         <name>efcSelfTest</name>
         <value>0x794</value>
         <object_component_ref idref="oc-6d"/>
      </symbol>
      <symbol id="sm-44c">
         <name>checkB1RAMECC</name>
         <value>0xb28</value>
         <object_component_ref idref="oc-6d"/>
      </symbol>
      <symbol id="sm-44d">
         <name>pbistStop</name>
         <value>0x578</value>
         <object_component_ref idref="oc-6d"/>
      </symbol>
      <symbol id="sm-44e">
         <name>can3ParityCheck</name>
         <value>0x15b0</value>
         <object_component_ref idref="oc-6d"/>
      </symbol>
      <symbol id="sm-44f">
         <name>checkRAMAddrParity</name>
         <value>0x2050</value>
         <object_component_ref idref="oc-6d"/>
      </symbol>
      <symbol id="sm-450">
         <name>mibspi5ParityCheck</name>
         <value>0x18b0</value>
         <object_component_ref idref="oc-6d"/>
      </symbol>
      <symbol id="sm-451">
         <name>checkB0RAMECC</name>
         <value>0x938</value>
         <object_component_ref idref="oc-6d"/>
      </symbol>
      <symbol id="sm-452">
         <name>stcGetConfigValue</name>
         <value>0x25bc</value>
         <object_component_ref idref="oc-6d"/>
      </symbol>
      <symbol id="sm-453">
         <name>pbistIsTestPassed</name>
         <value>0x5d4</value>
         <object_component_ref idref="oc-6d"/>
      </symbol>
      <symbol id="sm-454">
         <name>checkClockMonitor</name>
         <value>0x1c18</value>
         <object_component_ref idref="oc-6d"/>
      </symbol>
      <symbol id="sm-455">
         <name>fmcECCcheck</name>
         <value>0x898</value>
         <object_component_ref idref="oc-6d"/>
      </symbol>
      <symbol id="sm-456">
         <name>fmcBus2Check</name>
         <value>0x85c</value>
         <object_component_ref idref="oc-6d"/>
      </symbol>
      <symbol id="sm-457">
         <name>checkRAMUERRTest</name>
         <value>0x215c</value>
         <object_component_ref idref="oc-6d"/>
      </symbol>
      <symbol id="sm-458">
         <name>efcStuckZeroTest</name>
         <value>0x6e8</value>
         <object_component_ref idref="oc-6d"/>
      </symbol>
      <symbol id="sm-459">
         <name>checkPLL2Slip</name>
         <value>0x1f8c</value>
         <object_component_ref idref="oc-6d"/>
      </symbol>
      <symbol id="sm-483">
         <name>_c_int00</name>
         <value>0x58e4</value>
         <object_component_ref idref="oc-19"/>
      </symbol>
      <symbol id="sm-51a">
         <name>vimChannelMap</name>
         <value>0x41e8</value>
         <object_component_ref idref="oc-34"/>
      </symbol>
      <symbol id="sm-51b">
         <name>vimInit</name>
         <value>0x4114</value>
         <object_component_ref idref="oc-34"/>
      </symbol>
      <symbol id="sm-51c">
         <name>vimEnableInterrupt</name>
         <value>0x428c</value>
         <object_component_ref idref="oc-34"/>
      </symbol>
      <symbol id="sm-51d">
         <name>vimDisableInterrupt</name>
         <value>0x43e4</value>
         <object_component_ref idref="oc-34"/>
      </symbol>
      <symbol id="sm-51e">
         <name>vimGetConfigValue</name>
         <value>0x4468</value>
         <object_component_ref idref="oc-34"/>
      </symbol>
      <symbol id="sm-51f">
         <name>vimParityErrorHandler</name>
         <value>0x5b7c</value>
         <object_component_ref idref="oc-33"/>
      </symbol>
      <symbol id="sm-579">
         <name>systemGetConfigValue</name>
         <value>0x305c</value>
         <object_component_ref idref="oc-67"/>
      </symbol>
      <symbol id="sm-57a">
         <name>trimLPO</name>
         <value>0x2d5c</value>
         <object_component_ref idref="oc-67"/>
      </symbol>
      <symbol id="sm-57b">
         <name>systemInit</name>
         <value>0x2f60</value>
         <object_component_ref idref="oc-67"/>
      </symbol>
      <symbol id="sm-57c">
         <name>tcmflashGetConfigValue</name>
         <value>0x3470</value>
         <object_component_ref idref="oc-67"/>
      </symbol>
      <symbol id="sm-57d">
         <name>sramGetConfigValue</name>
         <value>0x361c</value>
         <object_component_ref idref="oc-67"/>
      </symbol>
      <symbol id="sm-57e">
         <name>periphInit</name>
         <value>0x2de4</value>
         <object_component_ref idref="oc-67"/>
      </symbol>
      <symbol id="sm-57f">
         <name>setupFlash</name>
         <value>0x2da4</value>
         <object_component_ref idref="oc-67"/>
      </symbol>
      <symbol id="sm-580">
         <name>setupPLL</name>
         <value>0x2cfc</value>
         <object_component_ref idref="oc-67"/>
      </symbol>
      <symbol id="sm-581">
         <name>mapClocks</name>
         <value>0x2e38</value>
         <object_component_ref idref="oc-67"/>
      </symbol>
      <symbol id="sm-582">
         <name>systemPowerDown</name>
         <value>0x302c</value>
         <object_component_ref idref="oc-67"/>
      </symbol>
      <symbol id="sm-58f">
         <name>__aeabi_uidivmod</name>
         <value>0x6230</value>
         <object_component_ref idref="oc-1b8"/>
      </symbol>
      <symbol id="sm-590">
         <name>__aeabi_uidiv</name>
         <value>0x6230</value>
         <object_component_ref idref="oc-1b8"/>
      </symbol>
      <symbol id="sm-5ab">
         <name>memcpy</name>
         <value>0x6195</value>
         <object_component_ref idref="oc-4a"/>
      </symbol>
      <symbol id="sm-5ac">
         <name>__aeabi_memcpy</name>
         <value>0x6195</value>
         <object_component_ref idref="oc-4a"/>
      </symbol>
      <symbol id="sm-5ad">
         <name>__aeabi_memcpy8</name>
         <value>0x6195</value>
         <object_component_ref idref="oc-4a"/>
      </symbol>
      <symbol id="sm-5ae">
         <name>__aeabi_memcpy4</name>
         <value>0x6195</value>
         <object_component_ref idref="oc-4a"/>
      </symbol>
      <symbol id="sm-5db">
         <name>__TI_auto_init_nobinit_nopinit</name>
         <value>0x6281</value>
         <object_component_ref idref="oc-d6"/>
      </symbol>
      <symbol id="sm-5ea">
         <name>C$$EXIT</name>
         <value>0x62d1</value>
         <object_component_ref idref="oc-10d"/>
      </symbol>
      <symbol id="sm-5eb">
         <name>abort</name>
         <value>0x62d1</value>
         <object_component_ref idref="oc-10d"/>
      </symbol>
      <symbol id="sm-5f6">
         <name>__aeabi_idiv0</name>
         <value>0x62d9</value>
         <object_component_ref idref="oc-1fb"/>
      </symbol>
      <symbol id="sm-5f7">
         <name>__aeabi_ldiv0</name>
         <value>0x62d9</value>
         <object_component_ref idref="oc-1fb"/>
      </symbol>
      <symbol id="sm-5f9">
         <name>SHT$$INIT_ARRAY$$Base</name>
         <value>0x0</value>
      </symbol>
      <symbol id="sm-5fa">
         <name>SHT$$INIT_ARRAY$$Limit</name>
         <value>0x0</value>
      </symbol>
      <symbol id="sm-5fb">
         <name>_system_post_cinit</name>
         <value>0x0</value>
      </symbol>
      <symbol id="sm-5fc">
         <name>__TI_Handler_Table_Base</name>
         <value>0x0</value>
      </symbol>
      <symbol id="sm-5fd">
         <name>__TI_Handler_Table_Limit</name>
         <value>0x0</value>
      </symbol>
      <symbol id="sm-5fe">
         <name>__TI_CINIT_Limit</name>
         <value>0x0</value>
      </symbol>
      <symbol id="sm-5ff">
         <name>__TI_CINIT_Base</name>
         <value>0x0</value>
      </symbol>
   </symbol_table>
   <title>Link successful</title>
</link_info>
