******************************************************************************
                  TI ARM Linker PC v18.1.2                     
******************************************************************************
>> Linked Wed Sep  5 14:45:04 2018

OUTPUT FILE NAME:   <uarteando.out>
ENTRY POINT SYMBOL: "_c_int00"  address: 000057ac


MEMORY CONFIGURATION

         name            origin    length      used     unused   attr    fill
----------------------  --------  ---------  --------  --------  ----  --------
  VECTORS               00000000   00000020  00000020  00000000     X
  FLASH0                00000020   0017ffe0  00006518  00179ac8  R  X
  FLASH1                00180000   00180000  00000000  00180000  R  X
  STACKS                08000000   00001500  00000000  00001500  RW  
  RAM                   08001500   0003eb00  00000057  0003eaa9  RW  


SEGMENT ALLOCATION MAP

run origin  load origin   length   init length attrs members
----------  ----------- ---------- ----------- ----- -------
00000000    00000000    00006538   00006538    r-x
  00000000    00000000    00000020   00000020    r-x .intvecs
  00000020    00000020    00006338   00006338    r-x .text
  00006358    00006358    00000180   00000180    r-- .const
  000064d8    000064d8    00000060   00000060    r-- .cinit
08001500    08001500    00000058   00000000    rw-
  08001500    08001500    0000002f   00000000    rw- .data
  08001530    08001530    00000028   00000000    rw- .bss


SECTION ALLOCATION MAP

 output                                  attributes/
section   page    origin      length       input sections
--------  ----  ----------  ----------   ----------------
.intvecs   0    00000000    00000020     
                  00000000    00000020     sys_intvecs.obj (.intvecs)

.text      0    00000020    00006338     
                  00000020    00002cdc     sys_selftest.obj (.text)
                  00002cfc    00000b28     system.obj (.text)
                  00003824    00000898     sys_vim.obj (.text)
                  000040bc    000007b8     sci.obj (.text)
                  00004874    00000630     pinmux.obj (.text)
                  00004ea4    000005bc     esm.obj (.text)
                  00005460    0000034c     sys_core.obj (.text)
                  000057ac    00000298     sys_startup.obj (.text:retain)
                  00005a44    00000290     sys_vim.obj (.text:retain)
                  00005cd4    00000114     esm.obj (.text:retain)
                  00005de8    000000e8     dabort.obj (.text)
                  00005ed0    000000e0     rtsv7R4_T_be_v3D16_eabi.lib : s_floor.c.obj (.text:floor)
                  00005fb0    000000e0     sys_pmu.obj (.text)
                  00006090    000000d4     sys_main.obj (.text)
                  00006164    0000009c     rtsv7R4_T_be_v3D16_eabi.lib : memcpy_t2.asm.obj (.text)
                  00006200    00000080     notification.obj (.text)
                  00006280    0000006c     rtsv7R4_T_be_v3D16_eabi.lib : copy_decompress_lzss.c.obj (.text:decompress:lzss:__TI_decompress_lzss)
                  000062ec    00000044                                 : autoinit.c.obj (.text:__TI_auto_init_nobinit_nopinit:__TI_auto_init_nobinit_nopinit)
                  00006330    00000012                                 : copy_zero_init.c.obj (.text:decompress:ZI:__TI_zero_init_nomemset:__TI_zero_init_nomemset)
                  00006342    0000000e                                 : copy_decompress_none.c.obj (.text:decompress:none:__TI_decompress_none)
                  00006350    00000004                                 : exit.c.obj (.text:abort:abort)
                  00006354    00000004     sys_phantom.obj (.text:retain)

.const     0    00006358    00000180     
                  00006358    00000180     sys_vim.obj (.const:s_vim_init)

.cinit     0    000064d8    00000060     
                  000064d8    00000037     (.cinit..data.load) [load image]
                  0000650f    00000001     --HOLE-- [fill = 0]
                  00006510    0000000c     (__TI_handler_table)
                  0000651c    00000004     --HOLE-- [fill = 0]
                  00006520    00000008     (.cinit..bss.load) [load image, compression = zero_init]
                  00006528    00000010     (__TI_cinit_table)

.data      0    08001500    0000002f     UNINITIALIZED
                  08001500    00000013     sys_main.obj (.data:TEXT3)
                  08001513    00000012     sys_main.obj (.data:TEXT2)
                  08001525    0000000a     sys_main.obj (.data:TEXT1)

.bss       0    08001530    00000028     UNINITIALIZED
                  08001530    00000028     sci.obj (.bss:g_sciTransfer_t)

MODULE SUMMARY

       Module                       code    ro data   rw data
       ------                       ----    -------   -------
    .\source\
       sys_selftest.obj             11484   0         0      
       sys_vim.obj                  2856    384       0      
       system.obj                   2856    0         0      
       sci.obj                      1976    0         40     
       esm.obj                      1744    0         0      
       pinmux.obj                   1584    0         0      
       sys_core.obj                 844     0         0      
       sys_startup.obj              664     0         0      
       sys_main.obj                 212     0         47     
       dabort.obj                   232     0         0      
       sys_pmu.obj                  224     0         0      
       notification.obj             128     0         0      
       sys_intvecs.obj              32      0         0      
       sys_phantom.obj              4       0         0      
    +--+----------------------------+-------+---------+---------+
       Total:                       24840   384       87     
                                                             
    C:/ti/ccsv8/tools/compiler/ti-cgt-arm_18.1.2.LTS/lib/rtsv7R4_T_be_v3D16_eabi.lib
       s_floor.c.obj                224     0         0      
       memcpy_t2.asm.obj            156     0         0      
       copy_decompress_lzss.c.obj   108     0         0      
       autoinit.c.obj               68      0         0      
       copy_zero_init.c.obj         18      0         0      
       copy_decompress_none.c.obj   14      0         0      
       exit.c.obj                   4       0         0      
    +--+----------------------------+-------+---------+---------+
       Total:                       592     0         0      
                                                             
       Linker Generated:            0       91        0      
    +--+----------------------------+-------+---------+---------+
       Grand Total:                 25432   475       87     


LINKER GENERATED COPY TABLES

__TI_cinit_table @ 00006528 records: 2, size/record: 8, table size: 16
	.data: load addr=000064d8, load size=00000037 bytes, run addr=08001500, run size=0000002f bytes, compression=copy
	.bss: load addr=00006520, load size=00000008 bytes, run addr=08001530, run size=00000028 bytes, compression=zero_init


LINKER GENERATED HANDLER TABLE

__TI_handler_table @ 00006510 records: 3, size/record: 4, table size: 12
	index: 0, handler: __TI_zero_init
	index: 1, handler: __TI_decompress_lzss
	index: 2, handler: __TI_decompress_none


GLOBAL SYMBOLS: SORTED ALPHABETICALLY BY Name 

address   name                                
-------   ----                                
00006351  C$$EXIT                             
UNDEFED   SHT$$INIT_ARRAY$$Base               
UNDEFED   SHT$$INIT_ARRAY$$Limit              
08001525  TEXT1                               
08001513  TEXT2                               
08001500  TEXT3                               
00006528  __TI_CINIT_Base                     
00006538  __TI_CINIT_Limit                    
00006510  __TI_Handler_Table_Base             
0000651c  __TI_Handler_Table_Limit            
000057a4  __TI_PINIT_Base                     
000057a8  __TI_PINIT_Limit                    
000062ed  __TI_auto_init_nobinit_nopinit      
00006281  __TI_decompress_lzss                
00006343  __TI_decompress_none                
ffffffff  __TI_pprof_out_hndl                 
ffffffff  __TI_prof_data_size                 
ffffffff  __TI_prof_data_start                
00000000  __TI_static_base__                  
00006331  __TI_zero_init_nomemset             
00006165  __aeabi_memcpy                      
00006165  __aeabi_memcpy4                     
00006165  __aeabi_memcpy8                     
ffffffff  __binit__                           
ffffffff  __c_args__                          
000057ac  _c_int00                            
000056bc  _coreClearAuxiliaryDataFault_       
000056d0  _coreClearAuxiliaryInstructionFault_
00005694  _coreClearDataFaultAddress_         
0000566c  _coreClearDataFault_                
000056a8  _coreClearInstructionFaultAddress_  
00005680  _coreClearInstructionFault_         
00005600  _coreDisableEventBusExport_         
00005644  _coreDisableFlashEcc_               
00005620  _coreDisableRamEcc_                 
000055f0  _coreEnableEventBusExport_          
00005630  _coreEnableFlashEcc_                
00005654  _coreEnableIrqVicOffset_            
00005610  _coreEnableRamEcc_                  
000055d8  _coreEnableVfp_                     
000056b4  _coreGetAuxiliaryDataFault_         
000056c8  _coreGetAuxiliaryInstructionFault_  
0000568c  _coreGetDataFaultAddress_           
00005664  _coreGetDataFault_                  
000056a0  _coreGetInstructionFaultAddress_    
00005678  _coreGetInstructionFault_           
00005460  _coreInitRegisters_                 
0000556c  _coreInitStackPointer_              
00005de8  _dabort                             
000056e4  _disable_FIQ_interrupt_             
000056ec  _disable_IRQ_interrupt_             
000056dc  _disable_interrupt_                 
000056f4  _enable_interrupt_                  
00005784  _errata_CORTEXR4_57_                
00005794  _errata_CORTEXR4_66_                
000056fc  _esmCcmErrorsClear_                 
000055b8  _getCPSRValue_                      
000055c0  _gotoCPUIdle_                       
0000600c  _pmuDisableCountersGlobal_          
00005ffc  _pmuEnableCountersGlobal_           
00006068  _pmuGetCycleCount_                  
00006070  _pmuGetEventCount_                  
0000607c  _pmuGetOverflow_                    
00005fb0  _pmuInit_                           
0000603c  _pmuResetCounters_                  
0000601c  _pmuResetCycleCounter_              
0000602c  _pmuResetEventCounters_             
0000605c  _pmuSetCountEvent_                  
0000604c  _pmuStartCounters_                  
00006054  _pmuStopCounters_                   
UNDEFED   _system_post_cinit                  
00006351  abort                               
0000126c  adc1ParityCheck                     
00001358  adc2ParityCheck                     
ffffffff  binit                               
00001410  can1ParityCheck                     
000014e8  can2ParityCheck                     
000015b0  can3ParityCheck                     
00000030  ccmSelfCheck                        
000026fc  ccmr4GetConfigValue                 
00000938  checkB0RAMECC                       
00000b28  checkB1RAMECC                       
00001c18  checkClockMonitor                   
00000d18  checkFlashECC                       
00001cf4  checkFlashEEPROMECC                 
00001e8c  checkPLL1Slip                       
00001f8c  checkPLL2Slip                       
00002050  checkRAMAddrParity                  
000019d0  checkRAMECC                         
0000215c  checkRAMUERRTest                    
000007bc  checkefcSelfTest                    
00000234  cpuSelfTest                         
00000dfc  cpuSelfTestFail                     
00000df4  custom_dabort                       
00002b58  disableParity                       
0000626c  dmaGroupANotification               
00000eac  dmaParityCheck                      
00000660  efcCheck                            
00002660  efcGetConfigValue                   
00000794  efcSelfTest                         
000006e8  efcStuckZeroTest                    
00002ad0  enableParity                        
0000276c  errata_PBIST_4                      
00005028  esmActivateNormalOperation          
000050fc  esmClearStatus                      
0000513c  esmClearStatusBuffer                
00004ff0  esmDisableError                     
00005060  esmDisableInterrupt                 
00004fc8  esmEnableError                      
00005038  esmEnableInterrupt                  
00005234  esmEnterSelfTest                    
00004fac  esmError                            
0000530c  esmGetConfigValue                   
00005178  esmGetStatus                        
000051fc  esmGetStatusBuffer                  
00006200  esmGroup1Notification               
00006210  esmGroup2Notification               
00005cd4  esmHighInterrupt                    
00004ea4  esmInit                             
000052bc  esmSelfTestStatus                   
00005158  esmSetCounterPreloadValue           
00005088  esmSetInterruptLevel                
00005018  esmTriggerErrorPinReset             
00005ed1  floor                               
00005ed1  floorl                              
000022c4  fmcBus1ParityCheck                  
0000085c  fmcBus2Check                        
00000898  fmcECCcheck                         
00000f58  het1ParityCheck                     
000010c0  het2ParityCheck                     
00001004  htu1ParityCheck                     
000011bc  htu2ParityCheck                     
00006090  main                                
00002e38  mapClocks                           
00006165  memcpy                              
00000174  memoryInit                          
00006220  memoryPort0TestFailNotification     
0000623c  memoryPort1TestFailNotification     
00001684  mibspi1ParityCheck                  
0000178c  mibspi3ParityCheck                  
000018b0  mibspi5ParityCheck                  
00004874  muxInit                             
000023ec  pbistFail                           
00002470  pbistGetConfigValue                 
000005a8  pbistIsTestCompleted                
000005d4  pbistIsTestPassed                   
00000608  pbistPortTestStatus                 
000004ac  pbistRun                            
000002cc  pbistSelfCheck                      
00000578  pbistStop                           
00002de4  periphInit                          
00006354  phantomInterrupt                    
00004bf8  pinmuxGetConfigValue                
00000000  resetEntry                          
00004584  sciDisableLoopback                  
00004610  sciDisableNotification              
000060d4  sciDisplayText                      
00004550  sciEnableLoopback                   
000045a8  sciEnableNotification               
00004678  sciEnterResetState                  
00004698  sciExitResetState                   
000040bc  sciInit                             
00004400  sciIsIdleDetected                   
000043e4  sciIsRxReady                        
00004264  sciIsTxReady                        
00006258  sciNotification                     
00004478  sciReceive                          
0000444c  sciReceiveByte                      
0000441c  sciRxError                          
000042b0  sciSend                             
00004280  sciSendByte                         
000041c8  sciSetBaudrate                      
000041a8  sciSetFunctional                    
000046b8  scilinGetConfigValue                
00000020  selftestFailNotification            
00002da4  setupFlash                          
00002cfc  setupPLL                            
0000361c  sramGetConfigValue                  
000025bc  stcGetConfigValue                   
000001b8  stcSelfCheck                        
00000df8  stcSelfCheckFail                    
0000305c  systemGetConfigValue                
00002f60  systemInit                          
0000302c  systemPowerDown                     
00003470  tcmflashGetConfigValue              
00002d5c  trimLPO                             
000038f8  vimChannelMap                       
00003af4  vimDisableInterrupt                 
0000399c  vimEnableInterrupt                  
00003b78  vimGetConfigValue                   
00003824  vimInit                             
00000e00  vimParityCheck                      
00005a44  vimParityErrorHandler               
00006134  wait                                


GLOBAL SYMBOLS: SORTED BY Symbol Address 

address   name                                
-------   ----                                
00000000  __TI_static_base__                  
00000000  resetEntry                          
00000020  selftestFailNotification            
00000030  ccmSelfCheck                        
00000174  memoryInit                          
000001b8  stcSelfCheck                        
00000234  cpuSelfTest                         
000002cc  pbistSelfCheck                      
000004ac  pbistRun                            
00000578  pbistStop                           
000005a8  pbistIsTestCompleted                
000005d4  pbistIsTestPassed                   
00000608  pbistPortTestStatus                 
00000660  efcCheck                            
000006e8  efcStuckZeroTest                    
00000794  efcSelfTest                         
000007bc  checkefcSelfTest                    
0000085c  fmcBus2Check                        
00000898  fmcECCcheck                         
00000938  checkB0RAMECC                       
00000b28  checkB1RAMECC                       
00000d18  checkFlashECC                       
00000df4  custom_dabort                       
00000df8  stcSelfCheckFail                    
00000dfc  cpuSelfTestFail                     
00000e00  vimParityCheck                      
00000eac  dmaParityCheck                      
00000f58  het1ParityCheck                     
00001004  htu1ParityCheck                     
000010c0  het2ParityCheck                     
000011bc  htu2ParityCheck                     
0000126c  adc1ParityCheck                     
00001358  adc2ParityCheck                     
00001410  can1ParityCheck                     
000014e8  can2ParityCheck                     
000015b0  can3ParityCheck                     
00001684  mibspi1ParityCheck                  
0000178c  mibspi3ParityCheck                  
000018b0  mibspi5ParityCheck                  
000019d0  checkRAMECC                         
00001c18  checkClockMonitor                   
00001cf4  checkFlashEEPROMECC                 
00001e8c  checkPLL1Slip                       
00001f8c  checkPLL2Slip                       
00002050  checkRAMAddrParity                  
0000215c  checkRAMUERRTest                    
000022c4  fmcBus1ParityCheck                  
000023ec  pbistFail                           
00002470  pbistGetConfigValue                 
000025bc  stcGetConfigValue                   
00002660  efcGetConfigValue                   
000026fc  ccmr4GetConfigValue                 
0000276c  errata_PBIST_4                      
00002ad0  enableParity                        
00002b58  disableParity                       
00002cfc  setupPLL                            
00002d5c  trimLPO                             
00002da4  setupFlash                          
00002de4  periphInit                          
00002e38  mapClocks                           
00002f60  systemInit                          
0000302c  systemPowerDown                     
0000305c  systemGetConfigValue                
00003470  tcmflashGetConfigValue              
0000361c  sramGetConfigValue                  
00003824  vimInit                             
000038f8  vimChannelMap                       
0000399c  vimEnableInterrupt                  
00003af4  vimDisableInterrupt                 
00003b78  vimGetConfigValue                   
000040bc  sciInit                             
000041a8  sciSetFunctional                    
000041c8  sciSetBaudrate                      
00004264  sciIsTxReady                        
00004280  sciSendByte                         
000042b0  sciSend                             
000043e4  sciIsRxReady                        
00004400  sciIsIdleDetected                   
0000441c  sciRxError                          
0000444c  sciReceiveByte                      
00004478  sciReceive                          
00004550  sciEnableLoopback                   
00004584  sciDisableLoopback                  
000045a8  sciEnableNotification               
00004610  sciDisableNotification              
00004678  sciEnterResetState                  
00004698  sciExitResetState                   
000046b8  scilinGetConfigValue                
00004874  muxInit                             
00004bf8  pinmuxGetConfigValue                
00004ea4  esmInit                             
00004fac  esmError                            
00004fc8  esmEnableError                      
00004ff0  esmDisableError                     
00005018  esmTriggerErrorPinReset             
00005028  esmActivateNormalOperation          
00005038  esmEnableInterrupt                  
00005060  esmDisableInterrupt                 
00005088  esmSetInterruptLevel                
000050fc  esmClearStatus                      
0000513c  esmClearStatusBuffer                
00005158  esmSetCounterPreloadValue           
00005178  esmGetStatus                        
000051fc  esmGetStatusBuffer                  
00005234  esmEnterSelfTest                    
000052bc  esmSelfTestStatus                   
0000530c  esmGetConfigValue                   
00005460  _coreInitRegisters_                 
0000556c  _coreInitStackPointer_              
000055b8  _getCPSRValue_                      
000055c0  _gotoCPUIdle_                       
000055d8  _coreEnableVfp_                     
000055f0  _coreEnableEventBusExport_          
00005600  _coreDisableEventBusExport_         
00005610  _coreEnableRamEcc_                  
00005620  _coreDisableRamEcc_                 
00005630  _coreEnableFlashEcc_                
00005644  _coreDisableFlashEcc_               
00005654  _coreEnableIrqVicOffset_            
00005664  _coreGetDataFault_                  
0000566c  _coreClearDataFault_                
00005678  _coreGetInstructionFault_           
00005680  _coreClearInstructionFault_         
0000568c  _coreGetDataFaultAddress_           
00005694  _coreClearDataFaultAddress_         
000056a0  _coreGetInstructionFaultAddress_    
000056a8  _coreClearInstructionFaultAddress_  
000056b4  _coreGetAuxiliaryDataFault_         
000056bc  _coreClearAuxiliaryDataFault_       
000056c8  _coreGetAuxiliaryInstructionFault_  
000056d0  _coreClearAuxiliaryInstructionFault_
000056dc  _disable_interrupt_                 
000056e4  _disable_FIQ_interrupt_             
000056ec  _disable_IRQ_interrupt_             
000056f4  _enable_interrupt_                  
000056fc  _esmCcmErrorsClear_                 
00005784  _errata_CORTEXR4_57_                
00005794  _errata_CORTEXR4_66_                
000057a4  __TI_PINIT_Base                     
000057a8  __TI_PINIT_Limit                    
000057ac  _c_int00                            
00005a44  vimParityErrorHandler               
00005cd4  esmHighInterrupt                    
00005de8  _dabort                             
00005ed1  floor                               
00005ed1  floorl                              
00005fb0  _pmuInit_                           
00005ffc  _pmuEnableCountersGlobal_           
0000600c  _pmuDisableCountersGlobal_          
0000601c  _pmuResetCycleCounter_              
0000602c  _pmuResetEventCounters_             
0000603c  _pmuResetCounters_                  
0000604c  _pmuStartCounters_                  
00006054  _pmuStopCounters_                   
0000605c  _pmuSetCountEvent_                  
00006068  _pmuGetCycleCount_                  
00006070  _pmuGetEventCount_                  
0000607c  _pmuGetOverflow_                    
00006090  main                                
000060d4  sciDisplayText                      
00006134  wait                                
00006165  __aeabi_memcpy                      
00006165  __aeabi_memcpy4                     
00006165  __aeabi_memcpy8                     
00006165  memcpy                              
00006200  esmGroup1Notification               
00006210  esmGroup2Notification               
00006220  memoryPort0TestFailNotification     
0000623c  memoryPort1TestFailNotification     
00006258  sciNotification                     
0000626c  dmaGroupANotification               
00006281  __TI_decompress_lzss                
000062ed  __TI_auto_init_nobinit_nopinit      
00006331  __TI_zero_init_nomemset             
00006343  __TI_decompress_none                
00006351  C$$EXIT                             
00006351  abort                               
00006354  phantomInterrupt                    
00006510  __TI_Handler_Table_Base             
0000651c  __TI_Handler_Table_Limit            
00006528  __TI_CINIT_Base                     
00006538  __TI_CINIT_Limit                    
08001500  TEXT3                               
08001513  TEXT2                               
08001525  TEXT1                               
ffffffff  __TI_pprof_out_hndl                 
ffffffff  __TI_prof_data_size                 
ffffffff  __TI_prof_data_start                
ffffffff  __binit__                           
ffffffff  __c_args__                          
ffffffff  binit                               
UNDEFED   SHT$$INIT_ARRAY$$Base               
UNDEFED   SHT$$INIT_ARRAY$$Limit              
UNDEFED   _system_post_cinit                  

[194 symbols]
